2026-08-28T19:04:57 (wavlm.sh:164:main) ./wavlm.sh --ngpu 8 --num_nodes 1 --lang en --train_start_iter 0 --train_stop_iter 1 --nj 32 --max_wav_duration 30 --train_configs conf/tuning/train_ssl_torchaudiowavlm_base_960h_pretrain_it0.yaml conf/tuning/train_ssl_torchaudiowavlm_base_960h_pretrain_it1.yaml --n_clusters 100 500 --features_km mfcc espnet_wavlm --layers_km 0 6 --train_set train_960 --valid_set dev --portion_km 0.1 --gpu_dump_feature true --alignment_phoneme_dir ./data/librispeech_phoneme_alignment --stage 7 --stop_stage 7 --train_start_iter 0 --train_stop_iter 0 --expdir exp_sweep --n_clusters 500 --features_km random --layers_km 0 --portion_km 1.0 --train_configs conf/tuning/train_ssl_torchaudiowavlm_large_960h_pretrain_it0.yaml --python /mnt/weka/mark/espnet/egs2/librispeech/wavlm1/local/bench/python_with_powerlog.sh --wavlm_args --num_iters_per_epoch 1200 --max_epoch 1 --num_att_plot 0                       --keep_nbest_models 1 --patience none                       --batch_bins 40000000 --accum_grad 1 --unused_parameters false
2026-08-28T19:05:20 (wavlm.sh:527:main) Stage 7 [Iter 0 / 0]: WavLM Training: input_feats=random, train_set=dump/raw/train_960, valid_set=dump/raw/dev
2026-08-28T19:05:20 (wavlm.sh:593:main) Generate 'exp_sweep/wavlm_iter0_train_ssl_torchaudiowavlm_large_960h_pretrain_it0_raw/run.sh'. You can resume the process from stage 7 using this script
2026-08-28T19:05:20 (wavlm.sh:597:main) WavLM Training started... log: 'exp_sweep/wavlm_iter0_train_ssl_torchaudiowavlm_large_960h_pretrain_it0_raw/train.log'
2026-08-28 19:05:22,882 (launch:94) INFO: /mnt/weka/mark/espnet/tools/anaconda/envs/espnet/bin/python3 /mnt/weka/mark/espnet/espnet2/bin/launch.py --cmd 'slurm.pl --name exp_sweep/wavlm_iter0_train_ssl_torchaudiowavlm_large_960h_pretrain_it0_raw/train.log' --log exp_sweep/wavlm_iter0_train_ssl_torchaudiowavlm_large_960h_pretrain_it0_raw/train.log --ngpu 8 --num_nodes 1 --init_file_prefix exp_sweep/wavlm_iter0_train_ssl_torchaudiowavlm_large_960h_pretrain_it0_raw/.dist_init_ --multiprocessing_distributed true -- /mnt/weka/mark/espnet/egs2/librispeech/wavlm1/local/bench/python_with_powerlog.sh -m espnet2.bin.wavlm_train --use_preprocessor true --normalize null --token_type word --token_list data/en_token_list_kmeans_iter0_random_500clusters/word/tokens.txt --num_classes 500 --valid_data_path_and_name_and_type dump/raw/dev/wav.scp,speech,sound --valid_data_path_and_name_and_type dump/raw/dev/text.km.kmeans_iter0_random_train_960_portion1.0,text,text --valid_shape_file exp_sweep/wavlm_iter0_stats_raw/valid/speech_shape --valid_shape_file exp_sweep/wavlm_iter0_stats_raw/valid/text_shape.word --resume true --fold_length 80000 --fold_length 400 --output_dir exp_sweep/wavlm_iter0_train_ssl_torchaudiowavlm_large_960h_pretrain_it0_raw --config conf/tuning/train_ssl_torchaudiowavlm_large_960h_pretrain_it0.yaml --frontend_conf fs=16k --train_data_path_and_name_and_type dump/raw/train_960/wav.scp,speech,sound --train_data_path_and_name_and_type dump/raw/train_960/text.km.kmeans_iter0_random_train_960_portion1.0,text,text --train_shape_file exp_sweep/wavlm_iter0_stats_raw/train/speech_shape --train_shape_file exp_sweep/wavlm_iter0_stats_raw/train/text_shape.word --num_iters_per_epoch 1200 --max_epoch 1 --num_att_plot 0 --keep_nbest_models 1 --patience none --batch_bins 40000000 --accum_grad 1 --unused_parameters false
2026-08-28 19:05:23,967 (launch:237) INFO: single-node with 8gpu on distributed mode
2026-08-28 19:05:23,999 (launch:348) INFO: log file: exp_sweep/wavlm_iter0_train_ssl_torchaudiowavlm_large_960h_pretrain_it0_raw/train.log
/mnt/weka/mark/espnet/egs2/librispeech/wavlm1/utils/slurm.pl: Error: Job 362040 seems to no longer exists:
'squeue -j 362040' returned error code 1 and said:
  slurm_load_jobs error: Invalid job id specified

Syncfile exp_sweep/wavlm_iter0_train_ssl_torchaudiowavlm_large_960h_pretrain_it0_raw/q/done.2850884 does not exist, meaning that the job did not finish.
Log is in exp_sweep/wavlm_iter0_train_ssl_torchaudiowavlm_large_960h_pretrain_it0_raw/train.log. Last line '[pg12b-14-2-hpc:0/8] 2026-08-28 19:11:57,296 (trainer:830) INFO: 1epoch:train:421-480batch: iter_time=8.959e-05, forward_time=0.146, loss=2.035e+04, correct_m=41.468, count_m=3.132e+03, acc_m=0.013, correct_u=29.601, count_u=2.975e+03, acc_u=0.010, backward_time=0.282, grad_norm=294.800, clip=100.000, loss_scale=1.000, optim_step_time=0.004, optim0_lr0=7.055e-06, train_time=0.470' does not end in 'status 0'.
Possible reasons:
  a) Exceeded time limit? -> Use more jobs!
  b) Shutdown/Frozen machine? -> Run again! squeue:
slurm_load_jobs error: Invalid job id specified
Command '['slurm.pl', '--name', 'exp_sweep/wavlm_iter0_train_ssl_torchaudiowavlm_large_960h_pretrain_it0_raw/train.log', '--gpu', '8', 'exp_sweep/wavlm_iter0_train_ssl_torchaudiowavlm_large_960h_pretrain_it0_raw/train.log', '/mnt/weka/mark/espnet/egs2/librispeech/wavlm1/local/bench/python_with_powerlog.sh', '-m', 'espnet2.bin.wavlm_train', '--use_preprocessor', 'true', '--normalize', 'null', '--token_type', 'word', '--token_list', 'data/en_token_list_kmeans_iter0_random_500clusters/word/tokens.txt', '--num_classes', '500', '--valid_data_path_and_name_and_type', 'dump/raw/dev/wav.scp,speech,sound', '--valid_data_path_and_name_and_type', 'dump/raw/dev/text.km.kmeans_iter0_random_train_960_portion1.0,text,text', '--valid_shape_file', 'exp_sweep/wavlm_iter0_stats_raw/valid/speech_shape', '--valid_shape_file', 'exp_sweep/wavlm_iter0_stats_raw/valid/text_shape.word', '--resume', 'true', '--fold_length', '80000', '--fold_length', '400', '--output_dir', 'exp_sweep/wavlm_iter0_train_ssl_torchaudiowavlm_large_960h_pretrain_it0_raw', '--config', 'conf/tuning/train_ssl_torchaudiowavlm_large_960h_pretrain_it0.yaml', '--frontend_conf', 'fs=16k', '--train_data_path_and_name_and_type', 'dump/raw/train_960/wav.scp,speech,sound', '--train_data_path_and_name_and_type', 'dump/raw/train_960/text.km.kmeans_iter0_random_train_960_portion1.0,text,text', '--train_shape_file', 'exp_sweep/wavlm_iter0_stats_raw/train/speech_shape', '--train_shape_file', 'exp_sweep/wavlm_iter0_stats_raw/train/text_shape.word', '--num_iters_per_epoch', '1200', '--max_epoch', '1', '--num_att_plot', '0', '--keep_nbest_models', '1', '--patience', 'none', '--batch_bins', '40000000', '--accum_grad', '1', '--unused_parameters', 'false', '--ngpu', '8', '--multiprocessing_distributed', 'True']' returned non-zero exit status 1.
Traceback (most recent call last):
  File "<frozen runpy>", line 198, in _run_module_as_main
  File "<frozen runpy>", line 88, in _run_code
  File "/mnt/weka/mark/espnet/espnet2/bin/launch.py", line 384, in <module>
    main()
  File "/mnt/weka/mark/espnet/espnet2/bin/launch.py", line 375, in main
    raise RuntimeError(
RuntimeError: 
################### The last 1000 lines of exp_sweep/wavlm_iter0_train_ssl_torchaudiowavlm_large_960h_pretrain_it0_raw/train.log ###################
# Running on pg12b-14-2-hpc
# Started at Fri Aug 28 19:05:37 UTC 2026
# SLURMD_NODENAME=pg12b-14-2-hpc
# SLURM_CLUSTER_NAME=hume-iren-cluster-debug
# SLURM_CONF=/etc/slurm/slurm.conf
# SLURM_CPUS_ON_NODE=192
# SLURM_EXPORT_ENV=PATH
# SLURM_GET_USER_ENV=1
# SLURM_GPUS_ON_NODE=8
# SLURM_GTIDS=0
# SLURM_JOBID=362040
# SLURM_JOB_ACCOUNT=root
# SLURM_JOB_CPUS_PER_NODE=192
# SLURM_JOB_END_TIME=1788807929
# SLURM_JOB_GID=500289
# SLURM_JOB_GPUS=0,1,2,3,4,5,6,7
# SLURM_JOB_ID=362040
# SLURM_JOB_NAME=exp_sweep/wavlm_iter0_train_ssl_torchaudiowavlm_large_960h_pretrain_it0_raw/train.log
# SLURM_JOB_NODELIST=pg12b-14-2-hpc
# SLURM_JOB_NUM_NODES=1
# SLURM_JOB_PARTITION=gpu
# SLURM_JOB_QOS=normal
# SLURM_JOB_START_TIME=1787943929
# SLURM_JOB_UID=500289
# SLURM_JOB_USER=mark
# SLURM_LOCALID=0
# SLURM_MEM_PER_CPU=4800
# SLURM_NNODES=1
# SLURM_NODEID=0
# SLURM_NODELIST=pg12b-14-2-hpc
# SLURM_OPEN_MODE=a
# SLURM_PRIO_PROCESS=0
# SLURM_PROCID=0
# SLURM_SUBMIT_DIR=/mnt/weka/mark/espnet/egs2/librispeech/wavlm1
# SLURM_SUBMIT_HOST=pg11b-3-5-hpc6
# SLURM_TASKS_PER_NODE=192
# SLURM_TASK_PID=1670465
# SLURM_TOPOLOGY_ADDR=pg12b-14-2-hpc
# SLURM_TOPOLOGY_ADDR_PATTERN=node
# /mnt/weka/mark/espnet/egs2/librispeech/wavlm1/local/bench/python_with_powerlog.sh -m espnet2.bin.wavlm_train --use_preprocessor true --normalize null --token_type word --token_list data/en_token_list_kmeans_iter0_random_500clusters/word/tokens.txt --num_classes 500 --valid_data_path_and_name_and_type dump/raw/dev/wav.scp,speech,sound --valid_data_path_and_name_and_type dump/raw/dev/text.km.kmeans_iter0_random_train_960_portion1.0,text,text --valid_shape_file exp_sweep/wavlm_iter0_stats_raw/valid/speech_shape --valid_shape_file exp_sweep/wavlm_iter0_stats_raw/valid/text_shape.word --resume true --fold_length 80000 --fold_length 400 --output_dir exp_sweep/wavlm_iter0_train_ssl_torchaudiowavlm_large_960h_pretrain_it0_raw --config conf/tuning/train_ssl_torchaudiowavlm_large_960h_pretrain_it0.yaml --frontend_conf fs=16k --train_data_path_and_name_and_type dump/raw/train_960/wav.scp,speech,sound --train_data_path_and_name_and_type dump/raw/train_960/text.km.kmeans_iter0_random_train_960_portion1.0,text,text --train_shape_file exp_sweep/wavlm_iter0_stats_raw/train/speech_shape --train_shape_file exp_sweep/wavlm_iter0_stats_raw/train/text_shape.word --num_iters_per_epoch 1200 --max_epoch 1 --num_att_plot 0 --keep_nbest_models 1 --patience none --batch_bins 40000000 --accum_grad 1 --unused_parameters false --ngpu 8 --multiprocessing_distributed True 
# nvidia-smi power sampling -> /mnt/weka/mark/espnet/egs2/librispeech/wavlm1/local/bench/power/power_pg12b-14-2-hpc_20260828_190538.csv
/mnt/weka/mark/espnet/tools/anaconda/envs/espnet/bin/python3 /mnt/weka/mark/espnet/espnet2/bin/wavlm_train.py --use_preprocessor true --normalize null --token_type word --token_list data/en_token_list_kmeans_iter0_random_500clusters/word/tokens.txt --num_classes 500 --valid_data_path_and_name_and_type dump/raw/dev/wav.scp,speech,sound --valid_data_path_and_name_and_type dump/raw/dev/text.km.kmeans_iter0_random_train_960_portion1.0,text,text --valid_shape_file exp_sweep/wavlm_iter0_stats_raw/valid/speech_shape --valid_shape_file exp_sweep/wavlm_iter0_stats_raw/valid/text_shape.word --resume true --fold_length 80000 --fold_length 400 --output_dir exp_sweep/wavlm_iter0_train_ssl_torchaudiowavlm_large_960h_pretrain_it0_raw --config conf/tuning/train_ssl_torchaudiowavlm_large_960h_pretrain_it0.yaml --frontend_conf fs=16k --train_data_path_and_name_and_type dump/raw/train_960/wav.scp,speech,sound --train_data_path_and_name_and_type dump/raw/train_960/text.km.kmeans_iter0_random_train_960_portion1.0,text,text --train_shape_file exp_sweep/wavlm_iter0_stats_raw/train/speech_shape --train_shape_file exp_sweep/wavlm_iter0_stats_raw/train/text_shape.word --num_iters_per_epoch 1200 --max_epoch 1 --num_att_plot 0 --keep_nbest_models 1 --patience none --batch_bins 40000000 --accum_grad 1 --unused_parameters false --ngpu 8 --multiprocessing_distributed True
[W828 19:06:06.965952518 Utils.hpp:166] Warning: Environment variable NCCL_BLOCKING_WAIT is deprecated; use TORCH_NCCL_BLOCKING_WAIT instead (function operator())
[W828 19:06:06.040415925 Utils.hpp:166] Warning: Environment variable NCCL_BLOCKING_WAIT is deprecated; use TORCH_NCCL_BLOCKING_WAIT instead (function operator())
[W828 19:06:06.170662556 Utils.hpp:166] Warning: Environment variable NCCL_BLOCKING_WAIT is deprecated; use TORCH_NCCL_BLOCKING_WAIT instead (function operator())
[W828 19:06:06.196238811 Utils.hpp:166] Warning: Environment variable NCCL_BLOCKING_WAIT is deprecated; use TORCH_NCCL_BLOCKING_WAIT instead (function operator())
[W828 19:06:06.310322073 Utils.hpp:166] Warning: Environment variable NCCL_BLOCKING_WAIT is deprecated; use TORCH_NCCL_BLOCKING_WAIT instead (function operator())
[W828 19:06:06.387810629 Utils.hpp:166] Warning: Environment variable NCCL_BLOCKING_WAIT is deprecated; use TORCH_NCCL_BLOCKING_WAIT instead (function operator())
[W828 19:06:06.481702869 Utils.hpp:166] Warning: Environment variable NCCL_BLOCKING_WAIT is deprecated; use TORCH_NCCL_BLOCKING_WAIT instead (function operator())
[W828 19:06:06.489699548 Utils.hpp:166] Warning: Environment variable NCCL_BLOCKING_WAIT is deprecated; use TORCH_NCCL_BLOCKING_WAIT instead (function operator())
[pg12b-14-2-hpc:0/8] 2026-08-28 19:06:07,476 (wavlm:380) INFO: Vocabulary size: 502
[pg12b-14-2-hpc:0/8] 2026-08-28 19:06:10,640 (abs_task:1470) INFO: pytorch.version=2.9.1+cu128, cuda.available=True, cudnn.version=91002, cudnn.benchmark=False, cudnn.deterministic=True
[pg12b-14-2-hpc:0/8] 2026-08-28 19:06:10,643 (abs_task:1471) INFO: Model structure:
TorchAudioHubertPretrainModel(
  (encoder): TorchAudioWavLMPretrainEncoder(
    (wavlm_pretrain_model): HuBERTPretrainModel(
      (wav2vec2): Wav2Vec2Model(
        (feature_extractor): FeatureExtractor(
          (conv_layers): ModuleList(
            (0): ConvLayerBlock(
              (layer_norm): LayerNorm((512,), eps=1e-05, elementwise_affine=True)
              (conv): Conv1d(1, 512, kernel_size=(10,), stride=(5,), bias=False)
            )
            (1-4): 4 x ConvLayerBlock(
              (layer_norm): LayerNorm((512,), eps=1e-05, elementwise_affine=True)
              (conv): Conv1d(512, 512, kernel_size=(3,), stride=(2,), bias=False)
            )
            (5-6): 2 x ConvLayerBlock(
              (layer_norm): LayerNorm((512,), eps=1e-05, elementwise_affine=True)
              (conv): Conv1d(512, 512, kernel_size=(2,), stride=(2,), bias=False)
            )
          )
        )
        (encoder): WavLMEncoder(
          (feature_projection): FeatureProjection(
            (layer_norm): LayerNorm((512,), eps=1e-05, elementwise_affine=True)
            (projection): Linear(in_features=512, out_features=1024, bias=True)
            (dropout): Dropout(p=0.0, inplace=False)
          )
          (transformer): WavLMTransformer(
            (pos_conv_embed): ConvolutionalPositionalEmbedding(
              (conv): ParametrizedConv1d(
                1024, 1024, kernel_size=(128,), stride=(1,), padding=(64,), groups=16
                (parametrizations): ModuleDict(
                  (weight): ParametrizationList(
                    (0): _WeightNorm()
                  )
                )
              )
            )
            (layer_norm): LayerNorm((1024,), eps=1e-05, elementwise_affine=True)
            (dropout): Dropout(p=0.0, inplace=False)
            (layers): ModuleList(
              (0): EncoderLayer(
                (attention): WavLMSelfAttention(
                  (rel_attn_embed): Embedding(320, 16)
                  (attention): MultiheadAttention(
                    (out_proj): NonDynamicallyQuantizableLinear(in_features=1024, out_features=1024, bias=True)
                  )
                  (gru_rel_pos_linear): Linear(in_features=64, out_features=8, bias=True)
                )
                (dropout): Dropout(p=0.0, inplace=False)
                (layer_norm): LayerNorm((1024,), eps=1e-05, elementwise_affine=True)
                (feed_forward): FeedForward(
                  (intermediate_dense): Linear(in_features=1024, out_features=4096, bias=True)
                  (intermediate_dropout): Dropout(p=0.0, inplace=False)
                  (output_dense): Linear(in_features=4096, out_features=1024, bias=True)
                  (output_dropout): Dropout(p=0.0, inplace=False)
                )
                (final_layer_norm): LayerNorm((1024,), eps=1e-05, elementwise_affine=True)
              )
              (1-23): 23 x EncoderLayer(
                (attention): WavLMSelfAttention(
                  (attention): MultiheadAttention(
                    (out_proj): NonDynamicallyQuantizableLinear(in_features=1024, out_features=1024, bias=True)
                  )
                  (gru_rel_pos_linear): Linear(in_features=64, out_features=8, bias=True)
                )
                (dropout): Dropout(p=0.0, inplace=False)
                (layer_norm): LayerNorm((1024,), eps=1e-05, elementwise_affine=True)
                (feed_forward): FeedForward(
                  (intermediate_dense): Linear(in_features=1024, out_features=4096, bias=True)
                  (intermediate_dropout): Dropout(p=0.0, inplace=False)
                  (output_dense): Linear(in_features=4096, out_features=1024, bias=True)
                  (output_dropout): Dropout(p=0.0, inplace=False)
                )
                (final_layer_norm): LayerNorm((1024,), eps=1e-05, elementwise_affine=True)
              )
            )
          )
        )
      )
      (mask_generator): MaskGenerator()
      (logit_generator): LogitGenerator(
        (final_proj): Linear(in_features=1024, out_features=768, bias=True)
      )
    )
  )
)

Model summary:
    Class Name: TorchAudioHubertPretrainModel
    Total Number of model parameters: 316.62 M
    Number of trainable parameters: 316.62 M (100.0%)
    Size: 1.27 GB
    Type: torch.float32
[pg12b-14-2-hpc:0/8] 2026-08-28 19:06:10,643 (abs_task:1474) INFO: Optimizer:
Adam (
Parameter Group 0
    amsgrad: False
    betas: (0.9, 0.999)
    capturable: False
    decoupled_weight_decay: False
    differentiable: False
    eps: 1e-08
    foreach: None
    fused: None
    initial_lr: 0.0005
    lr: 1.5625e-08
    maximize: False
    weight_decay: 0
)
[pg12b-14-2-hpc:0/8] 2026-08-28 19:06:10,643 (abs_task:1475) INFO: Scheduler: WarmupLR(warmup_steps=32000)
[pg12b-14-2-hpc:0/8] 2026-08-28 19:06:10,646 (abs_task:1484) INFO: Saving the configuration in exp_sweep/wavlm_iter0_train_ssl_torchaudiowavlm_large_960h_pretrain_it0_raw/config.yaml
[pg12b-14-2-hpc:0/8] 2026-08-28 19:06:12,640 (abs_task:1903) INFO: [train] Batch sampler: NumElementsBatchSampler(N-batch=3530, batch_bins=40000000, sort_in_batch=descending, sort_batch=descending)
[pg12b-14-2-hpc:0/8] 2026-08-28 19:06:12,641 (abs_task:1904) INFO: [train] mini-batch sizes summary: N-batch=3530, mean=79.7, min=20, max=506
[pg12b-14-2-hpc:0/8] 2026-08-28 19:06:12,786 (read_text:31) INFO: keys_to_load is not None, only loading 36646 keys from dump/raw/train_960/text.km.kmeans_iter0_random_train_960_portion1.0
[pg12b-14-2-hpc:0/8] 2026-08-28 19:06:13,386 (abs_task:1928) INFO: [train] dataset:
ESPnetDataset(
  speech: {"path": "dump/raw/train_960/wav.scp", "type": "sound"}
  text: {"path": "dump/raw/train_960/text.km.kmeans_iter0_random_train_960_portion1.0", "type": "text"}
  preprocess: <espnet2.train.preprocessor.CommonPreprocessor object at 0x7fc53010d9d0>)
[pg12b-14-2-hpc:0/8] 2026-08-28 19:06:13,407 (abs_task:1903) INFO: [valid] Batch sampler: NumElementsBatchSampler(N-batch=25, batch_bins=40000000, sort_in_batch=descending, sort_batch=descending)
[pg12b-14-2-hpc:0/8] 2026-08-28 19:06:13,407 (abs_task:1904) INFO: [valid] mini-batch sizes summary: N-batch=25, mean=142.5, min=35, max=373
[pg12b-14-2-hpc:0/8] 2026-08-28 19:06:13,409 (read_text:31) INFO: keys_to_load is not None, only loading 456 keys from dump/raw/dev/text.km.kmeans_iter0_random_train_960_portion1.0
[pg12b-14-2-hpc:0/8] 2026-08-28 19:06:13,414 (abs_task:1928) INFO: [valid] dataset:
ESPnetDataset(
  speech: {"path": "dump/raw/dev/wav.scp", "type": "sound"}
  text: {"path": "dump/raw/dev/text.km.kmeans_iter0_random_train_960_portion1.0", "type": "text"}
  preprocess: <espnet2.train.preprocessor.CommonPreprocessor object at 0x7fc52abe6d20>)
[pg12b-14-2-hpc:0/8] 2026-08-28 19:06:13,414 (trainer:225) INFO: AMP is enabled with dtype=torch.bfloat16 and loss scaling disabled.
pg12b-14-2-hpc:1671491:1671491 [0] NCCL INFO NCCL_SOCKET_IFNAME set by environment to ^lo,docker,virbr,vmnet,vboxnet
pg12b-14-2-hpc:1671491:1671491 [0] NCCL INFO Bootstrap: Using enp27s0f0np0:10.166.111.142<0>
pg12b-14-2-hpc:1671491:1671491 [0] NCCL INFO cudaDriverVersion 12080
pg12b-14-2-hpc:1671491:1671491 [0] NCCL INFO NCCL version 2.27.5+cuda12.9
pg12b-14-2-hpc:1671491:1671491 [0] NCCL INFO Comm config Blocking set to 1
pg12b-14-2-hpc:1671491:1671857 [0] NCCL INFO NET/Plugin: Could not find: libnccl-net.so. 
pg12b-14-2-hpc:1671491:1671857 [0] NCCL INFO NCCL_SOCKET_IFNAME set by environment to ^lo,docker,virbr,vmnet,vboxnet
pg12b-14-2-hpc:1671491:1671857 [0] NCCL INFO NET/IB : Using [0]mlx5_0:1/IB [1]mlx5_1:1/RoCE [2]mlx5_3:1/IB [3]mlx5_4:1/IB [4]mlx5_5:1/IB [5]mlx5_6:1/IB [6]mlx5_7:1/RoCE [7]mlx5_9:1/IB [8]mlx5_10:1/IB [9]mlx5_11:1/IB [RO]; OOB enp27s0f0np0:10.166.111.142<0>
pg12b-14-2-hpc:1671491:1671857 [0] NCCL INFO Initialized NET plugin IB
pg12b-14-2-hpc:1671491:1671857 [0] NCCL INFO Assigned NET plugin IB to comm
pg12b-14-2-hpc:1671491:1671857 [0] NCCL INFO Using network IB
pg12b-14-2-hpc:1671491:1671857 [0] NCCL INFO ncclCommInitRankConfig comm 0x55cc4c9f5ff0 rank 0 nranks 8 cudaDev 0 nvmlDev 0 busId 19000 commId 0xb8c542f1480fee96 - Init START
pg12b-14-2-hpc:1671491:1671857 [0] NCCL INFO RAS client listening socket at 127.0.0.1<28028>
pg12b-14-2-hpc:1671491:1671857 [0] NCCL INFO Bootstrap timings total 0.280109 (create 0.000022, send 0.000122, recv 0.279420, ring 0.000264, delay 0.000000)
pg12b-14-2-hpc:1671491:1671857 [0] NCCL INFO MNNVL busId 0x19000 fabric UUID 0.0 cliqueId 0x0 state 3 healthMask 0x0
pg12b-14-2-hpc:1671491:1671857 [0] NCCL INFO Setting affinity for GPU 0 to 0,2,4,6,8,10,12,14,16,18,20,22,24,26,28,30,32,34,36,38,40,42,44,46,48,50,52,54,56,58,60,62,64,66,68,70,72,74,76,78,80,82,84,86,88,90,92,94,104,106,108,110,112,114,116,118,120,122,124,126,128,130,132,134,136,138,140,142,144,146,148,150,152,154,156,158,160,
pg12b-14-2-hpc:1671491:1671857 [0] NCCL INFO NVLS multicast support is available on dev 0 (NVLS_NCHANNELS 16)
pg12b-14-2-hpc:1671491:1671857 [0] NCCL INFO comm 0x55cc4c9f5ff0 rank 0 nRanks 8 nNodes 1 localRanks 8 localRank 0 MNNVL 0
pg12b-14-2-hpc:1671491:1671857 [0] NCCL INFO Channel 00/24 : 0 1 2 3 4 5 6 7
pg12b-14-2-hpc:1671491:1671857 [0] NCCL INFO Channel 01/24 : 0 1 2 3 4 5 6 7
pg12b-14-2-hpc:1671491:1671857 [0] NCCL INFO Channel 02/24 : 0 1 2 3 4 5 6 7
pg12b-14-2-hpc:1671491:1671857 [0] NCCL INFO Channel 03/24 : 0 1 2 3 4 5 6 7
pg12b-14-2-hpc:1671491:1671857 [0] NCCL INFO Channel 04/24 : 0 1 2 3 4 5 6 7
pg12b-14-2-hpc:1671491:1671857 [0] NCCL INFO Channel 05/24 : 0 1 2 3 4 5 6 7
pg12b-14-2-hpc:1671491:1671857 [0] NCCL INFO Channel 06/24 : 0 1 2 3 4 5 6 7
pg12b-14-2-hpc:1671491:1671857 [0] NCCL INFO Channel 07/24 : 0 1 2 3 4 5 6 7
pg12b-14-2-hpc:1671491:1671857 [0] NCCL INFO Channel 08/24 : 0 1 2 3 4 5 6 7
pg12b-14-2-hpc:1671491:1671857 [0] NCCL INFO Channel 09/24 : 0 1 2 3 4 5 6 7
pg12b-14-2-hpc:1671491:1671857 [0] NCCL INFO Channel 10/24 : 0 1 2 3 4 5 6 7
pg12b-14-2-hpc:1671491:1671857 [0] NCCL INFO Channel 11/24 : 0 1 2 3 4 5 6 7
pg12b-14-2-hpc:1671491:1671857 [0] NCCL INFO Channel 12/24 : 0 1 2 3 4 5 6 7
pg12b-14-2-hpc:1671491:1671857 [0] NCCL INFO Channel 13/24 : 0 1 2 3 4 5 6 7
pg12b-14-2-hpc:1671491:1671857 [0] NCCL INFO Channel 14/24 : 0 1 2 3 4 5 6 7
pg12b-14-2-hpc:1671491:1671857 [0] NCCL INFO Channel 15/24 : 0 1 2 3 4 5 6 7
pg12b-14-2-hpc:1671491:1671857 [0] NCCL INFO Channel 16/24 : 0 1 2 3 4 5 6 7
pg12b-14-2-hpc:1671491:1671857 [0] NCCL INFO Channel 17/24 : 0 1 2 3 4 5 6 7
pg12b-14-2-hpc:1671491:1671857 [0] NCCL INFO Channel 18/24 : 0 1 2 3 4 5 6 7
pg12b-14-2-hpc:1671491:1671857 [0] NCCL INFO Channel 19/24 : 0 1 2 3 4 5 6 7
pg12b-14-2-hpc:1671491:1671857 [0] NCCL INFO Channel 20/24 : 0 1 2 3 4 5 6 7
pg12b-14-2-hpc:1671491:1671857 [0] NCCL INFO Channel 21/24 : 0 1 2 3 4 5 6 7
pg12b-14-2-hpc:1671491:1671857 [0] NCCL INFO Channel 22/24 : 0 1 2 3 4 5 6 7
pg12b-14-2-hpc:1671491:1671857 [0] NCCL INFO Channel 23/24 : 0 1 2 3 4 5 6 7
pg12b-14-2-hpc:1671491:1671857 [0] NCCL Ipg12b-14-2-hpc:1671493:1671493 [2] NCCL INFO cudaDriverVersion 12080
pg12b-14-2-hpc:1671493:1671493 [2] NCCL INFO NCCL_SOCKET_IFNAME set by environment to ^lo,docker,virbr,vmnet,vboxnet
pg12b-14-2-hpc:1671493:1671493 [2] NCCL INFO Bootstrap: Using enp27s0f0np0:10.166.111.142<0>
pg12b-14-2-hpc:1671493:1671493 [2] NCCL INFO NCCL version 2.27.5+cuda12.9
pg12b-14-2-hpc:1671493:1671493 [2] NCCL INFO Comm config Blocking set to 1
pg12b-14-2-hpc:1671493:1671858 [2] NCCL INFO NET/Plugin: Could not find: libnccl-net.so. 
pg12b-14-2-hpc:1671493:1671858 [2] NCCL INFO NCCL_SOCKET_IFNAME set by environment to ^lo,docker,virbr,vmnet,vboxnet
pg12b-14-2-hpc:1671493:1671858 [2] NCCL INFO NET/IB : Using [0]mlx5_0:1/IB [1]mlx5_1:1/RoCE [2]mlx5_3:1/IB [3]mlx5_4:1/IB [4]mlx5_5:1/IB [5]mlx5_6:1/IB [6]mlx5_7:1/RoCE [7]mlx5_9:1/IB [8]mlx5_10:1/IB [9]mlx5_11:1/IB [RO]; OOB enp27s0f0np0:10.166.111.142<0>
pg12b-14-2-hpc:1671493:1671858 [2] NCCL INFO Initialized NET plugin IB
pg12b-14-2-hpc:1671493:1671858 [2] NCCL INFO Assigned NET plugin IB to comm
pg12b-14-2-hpc:1671493:1671858 [2] NCCL INFO Using network IB
pg12b-14-2-hpc:1671493:1671858 [2] NCCL INFO ncclCommInitRankConfig comm 0x55c141def870 rank 2 nranks 8 cudaDev 2 nvmlDev 2 busId 4c000 commId 0xb8c542f1480fee96 - Init START
pg12b-14-2-hpc:1671493:1671858 [2] NCCL INFO RAS client listening socket at 127.0.0.1<28028>
pg12b-14-2-hpc:1671493:1671858 [2] NCCL INFO Bootstrap timings total 0.357597 (create 0.000022, send 0.000108, recv 0.000047, ring 0.000184, delay 0.000000)
pg12b-14-2-hpc:1671493:1671858 [2] NCCL INFO MNNVL busId 0x4c000 fabric UUID 0.0 cliqueId 0x0 state 3 healthMask 0x0
pg12b-14-2-hpc:1671493:1671858 [2] NCCL INFO Setting affinity for GPU 2 to 0,2,4,6,8,10,12,14,16,18,20,22,24,26,28,30,32,34,36,38,40,42,44,46,48,50,52,54,56,58,60,62,64,66,68,70,72,74,76,78,80,82,84,86,88,90,92,94,104,106,108,110,112,114,116,118,120,122,124,126,128,130,132,134,136,138,140,142,144,146,148,150,152,154,156,158,160,
pg12b-14-2-hpc:1671493:1671858 [2] NCCL INFO NVLS multicast support is available on dev 2 (NVLS_NCHANNELS 16)
pg12b-14-2-hpc:1671493:1671858 [2] NCCL INFO comm 0x55c141def870 rank 2 nRanks 8 nNodes 1 localRanks 8 localRank 2 MNNVL 0
pg12b-14-2-hpc:1671493:1671858 [2] NCCL INFO Trees [0] 3/-1/-1->2->1 [1] 3/-1/-1->2->1 [2] 3/-1/-1->2->1 [3] 3/-1/-1->2->1 [4] 3/-1/-1->2->1 [5] 3/-1/-1->2->1 [6] 3/-1/-1->2->1 [7] 3/-1/-1->2->1 [8] 3/-1/-1->2->1 [9] 3/-1/-1->2->1 [10] 3/-1/-1->2->1 [11] 3/-1/-1->2->1 [12] 3/-1/-1->2->1 [13] 3/-1/-1->2->1 [14] 3/-1/-1->2->1 [15] 3/-1/-1->2->1 [16] 3/-1/-1->2->1 [17] 3/-1/-1->2->1 [18] 3/-1/-1->2->1 [19] 3/-1/-1->2->1 [20] 3/-1/-1->2->1 [21] 3/-1/-1->2->1 [22] 3/-1/-1->2->1 [23] 3/-1/-1->2->1
pg12b-14-2-hpc:1671493:1671858 [2] NCCL INFO P2P Chunksize set to 524288
pg12b-14-2-hpc:1671493:1671858 [2] NCCL INFO PROFILER/Plugin: Could not find: libnccl-profiler.so. 
pg12b-14-2-hpc:1671493:1671986 [2] NCCL INFO [Proxy Service] Device 2 CPU core 184
pg12b-14-2-hpc:1671493:1671987 [2] NCCL INFO [Proxy Service UDS] Device 2 CPU core 86
pg12b-14-2-hpc:1671493:1671858 [2] NCCL INFO threadThresholds 8/8/64 | 64/8/64 | 512 | 512
pg12b-14-2-hpc:1671493:1671858 [2] NCCL INFO 24 coll channels, 24 collnet channels, 16 nvls channels, 32 p2p channels, 32 p2p channels per peer
pg12b-14-2-hpc:1671493:1671858 [2] NCCL INFO TUNER/Plugin: Could not find: libnccl-tuner.so. Using internal tuner plugin.
pg12b-14-2-hpc:1671493:1671858 [2] NCCL INFO ncclCommInitRankConfig comm 0x55c141def870 rank 2 nranks 8 cudaDev 2 nvmlDev 2 busId 4c000 commId 0xb8c542f1480fee96 - Init COMPLETE
pg12b-14-2-hpc:1671493:1671858 [2] NCCL INFO Init timings - ncclCommInitRankConfig: rank 2 nranks 8 total 1.84 (kernels 0.26, alloc 0.87, bootstrap 0.36, allgathers 0.01, topo 0.07, graphs 0.01, connections 0.22, rest 0.04)
pg12b-14-2-hpc:1671493:1672013 [2] NCCL INFO Channel 00/0 : 2[2] -> 3[3] via P2P/CUMEM
pg12b-14-2-hpc:1671493:1672013 [2] NCCL INFO Channel 01/0 : 2[2] -> 3[3] via P2P/CUMEM
pg12b-14-2-hpc:1671493:1672013 [2] NCCL INFO Channel 02/0 : 2[2] -> 3[3] via P2P/CUMEM
pg12b-14-2-hpc:1671493:1672013pg12b-14-2-hpc:1671495:1671495 [4] NCCL INFO cudaDriverVersion 12080
pg12b-14-2-hpc:1671495:1671495 [4] NCCL INFO NCCL_SOCKET_IFNAME set by environment to ^lo,docker,virbr,vmnet,vboxnet
pg12b-14-2-hpc:1671495:1671495 [4] NCCL INFO Bootstrap: Using enp27s0f0np0:10.166.111.142<0>
pg12b-14-2-hpc:1671495:1671495 [4] NCCL INFO NCCL version 2.27.5+cuda12.9
pg12b-14-2-hpc:1671495:1671495 [4] NCCL INFO Comm config Blocking set to 1
pg12b-14-2-hpc:1671495:1671863 [4] NCCL INFO NET/Plugin: Could not find: libnccl-net.so. 
pg12b-14-2-hpc:1671495:1671863 [4] NCCL INFO NCCL_SOCKET_IFNAME set by environment to ^lo,docker,virbr,vmnet,vboxnet
pg12b-14-2-hpc:1671495:1671863 [4] NCCL INFO NET/IB : Using [0]mlx5_0:1/IB [1]mlx5_1:1/RoCE [2]mlx5_3:1/IB [3]mlx5_4:1/IB [4]mlx5_5:1/IB [5]mlx5_6:1/IB [6]mlx5_7:1/RoCE [7]mlx5_9:1/IB [8]mlx5_10:1/IB [9]mlx5_11:1/IB [RO]; OOB enp27s0f0np0:10.166.111.142<0>
pg12b-14-2-hpc:1671495:1671863 [4] NCCL INFO Initialized NET plugin IB
pg12b-14-2-hpc:1671495:1671863 [4] NCCL INFO Assigned NET plugin IB to comm
pg12b-14-2-hpc:1671495:1671863 [4] NCCL INFO Using network IB
pg12b-14-2-hpc:1671495:1671863 [4] NCCL INFO ncclCommInitRankConfig comm 0x56038982f300 rank 4 nranks 8 cudaDev 4 nvmlDev 4 busId 9b000 commId 0xb8c542f1480fee96 - Init START
pg12b-14-2-hpc:1671495:1671863 [4] NCCL INFO RAS client listening socket at 127.0.0.1<28028>
pg12b-14-2-hpc:1671495:1671863 [4] NCCL INFO Bootstrap timings total 0.391872 (create 0.000022, send 0.000115, recv 0.061443, ring 0.329973, delay 0.000000)
pg12b-14-2-hpc:1671495:1671863 [4] NCCL INFO MNNVL busId 0x9b000 fabric UUID 0.0 cliqueId 0x0 state 3 healthMask 0x0
pg12b-14-2-hpc:1671495:1671863 [4] NCCL INFO Setting affinity for GPU 4 to 1,3,5,7,9,11,13,15,17,19,21,23,25,27,29,31,33,35,37,39,41,43,45,47,49,51,53,55,57,59,61,63,65,67,69,71,73,75,77,79,81,83,85,87,89,91,93,95,105,107,109,111,113,115,117,119,121,123,125,127,129,131,133,135,137,139,141,143,145,147,149,151,153,155,157,159,161,
pg12b-14-2-hpc:1671495:1671863 [4] NCCL INFO NVLS multicast support is available on dev 4 (NVLS_NCHANNELS 16)
pg12b-14-2-hpc:1671495:1671863 [4] NCCL INFO comm 0x56038982f300 rank 4 nRanks 8 nNodes 1 localRanks 8 localRank 4 MNNVL 0
pg12b-14-2-hpc:1671495:1671863 [4] NCCL INFO Trees [0] 5/-1/-1->4->3 [1] 5/-1/-1->4->3 [2] 5/-1/-1->4->3 [3] 5/-1/-1->4->3 [4] 5/-1/-1->4->3 [5] 5/-1/-1->4->3 [6] 5/-1/-1->4->3 [7] 5/-1/-1->4->3 [8] 5/-1/-1->4->3 [9] 5/-1/-1->4->3 [10] 5/-1/-1->4->3 [11] 5/-1/-1->4->3 [12] 5/-1/-1->4->3 [13] 5/-1/-1->4->3 [14] 5/-1/-1->4->3 [15] 5/-1/-1->4->3 [16] 5/-1/-1->4->3 [17] 5/-1/-1->4->3 [18] 5/-1/-1->4->3 [19] 5/-1/-1->4->3 [20] 5/-1/-1->4->3 [21] 5/-1/-1->4->3 [22] 5/-1/-1->4->3 [23] 5/-1/-1->4->3
pg12b-14-2-hpc:1671495:1671863 [4] NCCL INFO P2P Chunksize set to 524288
pg12b-14-2-hpc:1671495:1671863 [4] NCCL INFO PROFILER/Plugin: Could not find: libnccl-profiler.so. 
pg12b-14-2-hpc:1671495:1671989 [4] NCCL INFO [Proxy Service] Device 4 CPU core 9
pg12b-14-2-hpc:1671495:1671990 [4] NCCL INFO [Proxy Service UDS] Device 4 CPU core 17
pg12b-14-2-hpc:1671495:1671863 [4] NCCL INFO threadThresholds 8/8/64 | 64/8/64 | 512 | 512
pg12b-14-2-hpc:1671495:1671863 [4] NCCL INFO 24 coll channels, 24 collnet channels, 16 nvls channels, 32 p2p channels, 32 p2p channels per peer
pg12b-14-2-hpc:1671495:1671863 [4] NCCL INFO TUNER/Plugin: Could not find: libnccl-tuner.so. Using internal tuner plugin.
pg12b-14-2-hpc:1671495:1671863 [4] NCCL INFO ncclCommInitRankConfig comm 0x56038982f300 rank 4 nranks 8 cudaDev 4 nvmlDev 4 busId 9b000 commId 0xb8c542f1480fee96 - Init COMPLETE
pg12b-14-2-hpc:1671495:1671863 [4] NCCL INFO Init timings - ncclCommInitRankConfig: rank 4 nranks 8 total 1.77 (kernels 0.25, alloc 0.79, bootstrap 0.39, allgathers 0.00, topo 0.07, graphs 0.01, connections 0.22, rest 0.04)
pg12b-14-2-hpc:1671495:1672010 [4] NCCL INFO Channel 00/0 : 4[4] -> 5[5] via P2P/CUMEM
pg12b-14-2-hpc:1671495:1672010 [4] NCCL INFO Channel 01/0 : 4[4] -> 5[5] via P2P/CUMEM
pg12b-14-2-hpc:1671495:1672010 [4] NCCL INFO Channel 02/0 : 4[4] -> 5[5] via P2P/CUMEM
pg12b-14-2-hpc:1671495:1672010 [pg12b-14-2-hpc:1671496:1671496 [5] NCCL INFO cudaDriverVersion 12080
pg12b-14-2-hpc:1671496:1671496 [5] NCCL INFO NCCL_SOCKET_IFNAME set by environment to ^lo,docker,virbr,vmnet,vboxnet
pg12b-14-2-hpc:1671496:1671496 [5] NCCL INFO Bootstrap: Using enp27s0f0np0:10.166.111.142<0>
pg12b-14-2-hpc:1671496:1671496 [5] NCCL INFO NCCL version 2.27.5+cuda12.9
pg12b-14-2-hpc:1671496:1671496 [5] NCCL INFO Comm config Blocking set to 1
pg12b-14-2-hpc:1671496:1671860 [5] NCCL INFO NET/Plugin: Could not find: libnccl-net.so. 
pg12b-14-2-hpc:1671496:1671860 [5] NCCL INFO NCCL_SOCKET_IFNAME set by environment to ^lo,docker,virbr,vmnet,vboxnet
pg12b-14-2-hpc:1671496:1671860 [5] NCCL INFO NET/IB : Using [0]mlx5_0:1/IB [1]mlx5_1:1/RoCE [2]mlx5_3:1/IB [3]mlx5_4:1/IB [4]mlx5_5:1/IB [5]mlx5_6:1/IB [6]mlx5_7:1/RoCE [7]mlx5_9:1/IB [8]mlx5_10:1/IB [9]mlx5_11:1/IB [RO]; OOB enp27s0f0np0:10.166.111.142<0>
pg12b-14-2-hpc:1671496:1671860 [5] NCCL INFO Initialized NET plugin IB
pg12b-14-2-hpc:1671496:1671860 [5] NCCL INFO Assigned NET plugin IB to comm
pg12b-14-2-hpc:1671496:1671860 [5] NCCL INFO Using network IB
pg12b-14-2-hpc:1671496:1671860 [5] NCCL INFO ncclCommInitRankConfig comm 0x55f9e8af31f0 rank 5 nranks 8 cudaDev 5 nvmlDev 5 busId bb000 commId 0xb8c542f1480fee96 - Init START
pg12b-14-2-hpc:1671496:1671860 [5] NCCL INFO RAS client listening socket at 127.0.0.1<28028>
pg12b-14-2-hpc:1671496:1671860 [5] NCCL INFO Bootstrap timings total 0.330454 (create 0.000020, send 0.000101, recv 0.000070, ring 0.329972, delay 0.000000)
pg12b-14-2-hpc:1671496:1671860 [5] NCCL INFO MNNVL busId 0xbb000 fabric UUID 0.0 cliqueId 0x0 state 3 healthMask 0x0
pg12b-14-2-hpc:1671496:1671860 [5] NCCL INFO Setting affinity for GPU 5 to 1,3,5,7,9,11,13,15,17,19,21,23,25,27,29,31,33,35,37,39,41,43,45,47,49,51,53,55,57,59,61,63,65,67,69,71,73,75,77,79,81,83,85,87,89,91,93,95,105,107,109,111,113,115,117,119,121,123,125,127,129,131,133,135,137,139,141,143,145,147,149,151,153,155,157,159,161,
pg12b-14-2-hpc:1671496:1671860 [5] NCCL INFO NVLS multicast support is available on dev 5 (NVLS_NCHANNELS 16)
pg12b-14-2-hpc:1671496:1671860 [5] NCCL INFO comm 0x55f9e8af31f0 rank 5 nRanks 8 nNodes 1 localRanks 8 localRank 5 MNNVL 0
pg12b-14-2-hpc:1671496:1671860 [5] NCCL INFO Trees [0] 6/-1/-1->5->4 [1] 6/-1/-1->5->4 [2] 6/-1/-1->5->4 [3] 6/-1/-1->5->4 [4] 6/-1/-1->5->4 [5] 6/-1/-1->5->4 [6] 6/-1/-1->5->4 [7] 6/-1/-1->5->4 [8] 6/-1/-1->5->4 [9] 6/-1/-1->5->4 [10] 6/-1/-1->5->4 [11] 6/-1/-1->5->4 [12] 6/-1/-1->5->4 [13] 6/-1/-1->5->4 [14] 6/-1/-1->5->4 [15] 6/-1/-1->5->4 [16] 6/-1/-1->5->4 [17] 6/-1/-1->5->4 [18] 6/-1/-1->5->4 [19] 6/-1/-1->5->4 [20] 6/-1/-1->5->4 [21] 6/-1/-1->5->4 [22] 6/-1/-1->5->4 [23] 6/-1/-1->5->4
pg12b-14-2-hpc:1671496:1671860 [5] NCCL INFO P2P Chunksize set to 524288
pg12b-14-2-hpc:1671496:1671860 [5] NCCL INFO PROFILER/Plugin: Could not find: libnccl-profiler.so. 
pg12b-14-2-hpc:1671496:1671983 [5] NCCL INFO [Proxy Service] Device 5 CPU core 141
pg12b-14-2-hpc:1671496:1671984 [5] NCCL INFO [Proxy Service UDS] Device 5 CPU core 143
pg12b-14-2-hpc:1671496:1671860 [5] NCCL INFO threadThresholds 8/8/64 | 64/8/64 | 512 | 512
pg12b-14-2-hpc:1671496:1671860 [5] NCCL INFO 24 coll channels, 24 collnet channels, 16 nvls channels, 32 p2p channels, 32 p2p channels per peer
pg12b-14-2-hpc:1671496:1671860 [5] NCCL INFO TUNER/Plugin: Could not find: libnccl-tuner.so. Using internal tuner plugin.
pg12b-14-2-hpc:1671496:1671860 [5] NCCL INFO ncclCommInitRankConfig comm 0x55f9e8af31f0 rank 5 nranks 8 cudaDev 5 nvmlDev 5 busId bb000 commId 0xb8c542f1480fee96 - Init COMPLETE
pg12b-14-2-hpc:1671496:1671860 [5] NCCL INFO Init timings - ncclCommInitRankConfig: rank 5 nranks 8 total 1.82 (kernels 0.25, alloc 0.90, bootstrap 0.33, allgathers 0.01, topo 0.07, graphs 0.01, connections 0.22, rest 0.04)
pg12b-14-2-hpc:1671496:1672011 [5] NCCL INFO Channel 00/0 : 5[5] -> 6[6] via P2P/CUMEM
pg12b-14-2-hpc:1671496:1672011 [5] NCCL INFO Channel 01/0 : 5[5] -> 6[6] via P2P/CUMEM
pg12b-14-2-hpc:1671496:1672011 [5] NCCL INFO Channel 02/0 : 5[5] -> 6[6] via P2P/CUMEM
pg12b-14-2-hpc:1671496:167201pg12b-14-2-hpc:1671499:1671499 [7] NCCL INFO cudaDriverVersion 12080
pg12b-14-2-hpc:1671499:1671499 [7] NCCL INFO NCCL_SOCKET_IFNAME set by environment to ^lo,docker,virbr,vmnet,vboxnet
pg12b-14-2-hpc:1671499:1671499 [7] NCCL INFO Bootstrap: Using enp27s0f0np0:10.166.111.142<0>
pg12b-14-2-hpc:1671499:1671499 [7] NCCL INFO NCCL version 2.27.5+cuda12.9
pg12b-14-2-hpc:1671499:1671499 [7] NCCL INFO Comm config Blocking set to 1
pg12b-14-2-hpc:1671499:1671864 [7] NCCL INFO NET/Plugin: Could not find: libnccl-net.so. 
pg12b-14-2-hpc:1671499:1671864 [7] NCCL INFO NCCL_SOCKET_IFNAME set by environment to ^lo,docker,virbr,vmnet,vboxnet
pg12b-14-2-hpc:1671499:1671864 [7] NCCL INFO NET/IB : Using [0]mlx5_0:1/IB [1]mlx5_1:1/RoCE [2]mlx5_3:1/IB [3]mlx5_4:1/IB [4]mlx5_5:1/IB [5]mlx5_6:1/IB [6]mlx5_7:1/RoCE [7]mlx5_9:1/IB [8]mlx5_10:1/IB [9]mlx5_11:1/IB [RO]; OOB enp27s0f0np0:10.166.111.142<0>
pg12b-14-2-hpc:1671499:1671864 [7] NCCL INFO Initialized NET plugin IB
pg12b-14-2-hpc:1671499:1671864 [7] NCCL INFO Assigned NET plugin IB to comm
pg12b-14-2-hpc:1671499:1671864 [7] NCCL INFO Using network IB
pg12b-14-2-hpc:1671499:1671864 [7] NCCL INFO ncclCommInitRankConfig comm 0x55c12f539970 rank 7 nranks 8 cudaDev 7 nvmlDev 7 busId db000 commId 0xb8c542f1480fee96 - Init START
pg12b-14-2-hpc:1671499:1671864 [7] NCCL INFO RAS client listening socket at 127.0.0.1<28028>
pg12b-14-2-hpc:1671499:1671864 [7] NCCL INFO Bootstrap timings total 0.281479 (create 0.000022, send 0.000098, recv 0.001422, ring 0.279666, delay 0.000000)
pg12b-14-2-hpc:1671499:1671864 [7] NCCL INFO MNNVL busId 0xdb000 fabric UUID 0.0 cliqueId 0x0 state 3 healthMask 0x0
pg12b-14-2-hpc:1671499:1671864 [7] NCCL INFO Setting affinity for GPU 7 to 1,3,5,7,9,11,13,15,17,19,21,23,25,27,29,31,33,35,37,39,41,43,45,47,49,51,53,55,57,59,61,63,65,67,69,71,73,75,77,79,81,83,85,87,89,91,93,95,105,107,109,111,113,115,117,119,121,123,125,127,129,131,133,135,137,139,141,143,145,147,149,151,153,155,157,159,161,
pg12b-14-2-hpc:1671499:1671864 [7] NCCL INFO NVLS multicast support is available on dev 7 (NVLS_NCHANNELS 16)
pg12b-14-2-hpc:1671499:1671864 [7] NCCL INFO comm 0x55c12f539970 rank 7 nRanks 8 nNodes 1 localRanks 8 localRank 7 MNNVL 0
pg12b-14-2-hpc:1671499:1671864 [7] NCCL INFO Trees [0] -1/-1/-1->7->6 [1] -1/-1/-1->7->6 [2] -1/-1/-1->7->6 [3] -1/-1/-1->7->6 [4] -1/-1/-1->7->6 [5] -1/-1/-1->7->6 [6] -1/-1/-1->7->6 [7] -1/-1/-1->7->6 [8] -1/-1/-1->7->6 [9] -1/-1/-1->7->6 [10] -1/-1/-1->7->6 [11] -1/-1/-1->7->6 [12] -1/-1/-1->7->6 [13] -1/-1/-1->7->6 [14] -1/-1/-1->7->6 [15] -1/-1/-1->7->6 [16] -1/-1/-1->7->6 [17] -1/-1/-1->7->6 [18] -1/-1/-1->7->6 [19] -1/-1/-1->7->6 [20] -1/-1/-1->7->6 [21] -1/-1/-1->7->6 [22] -1/-1/-1->7->6 [23] -1/-1/-1->7->6
pg12b-14-2-hpc:1671499:1671864 [7] NCCL INFO P2P Chunksize set to 524288
pg12b-14-2-hpc:1671499:1671864 [7] NCCL INFO PROFILER/Plugin: Could not find: libnccl-profiler.so. 
pg12b-14-2-hpc:1671499:1671985 [7] NCCL INFO [Proxy Service] Device 7 CPU core 161
pg12b-14-2-hpc:1671499:1671988 [7] NCCL INFO [Proxy Service UDS] Device 7 CPU core 77
pg12b-14-2-hpc:1671499:1671864 [7] NCCL INFO threadThresholds 8/8/64 | 64/8/64 | 512 | 512
pg12b-14-2-hpc:1671499:1671864 [7] NCCL INFO 24 coll channels, 24 collnet channels, 16 nvls channels, 32 p2p channels, 32 p2p channels per peer
pg12b-14-2-hpc:1671499:1671864 [7] NCCL INFO TUNER/Plugin: Could not find: libnccl-tuner.so. Using internal tuner plugin.
pg12b-14-2-hpc:1671499:1671864 [7] NCCL INFO ncclCommInitRankConfig comm 0x55c12f539970 rank 7 nranks 8 cudaDev 7 nvmlDev 7 busId db000 commId 0xb8c542f1480fee96 - Init COMPLETE
pg12b-14-2-hpc:1671499:1671864 [7] NCCL INFO Init timings - ncclCommInitRankConfig: rank 7 nranks 8 total 1.70 (kernels 0.31, alloc 0.76, bootstrap 0.28, allgathers 0.01, topo 0.07, graphs 0.01, connections 0.22, rest 0.04)
pg12b-14-2-hpc:1671499:1672012 [7] NCCL INFO Channel 00/0 : 7[7] -> 0[0] via P2P/CUMEM
pg12b-14-2-hpc:1671499:1672012 [7] NCCL INFO Channel 01/0 : 7[7] -> 0[0] via P2P/CUMEM
pg12b-14-2-hpc:1671499:1672012 [7] NCCL INFO Channel 02/0 : 7[7] -> 0[0] via P2P/CUMEM
pg12b-pg12b-14-2-hpc:1671494:1671494 [3] NCCL INFO cudaDriverVersion 12080
pg12b-14-2-hpc:1671494:1671494 [3] NCCL INFO NCCL_SOCKET_IFNAME set by environment to ^lo,docker,virbr,vmnet,vboxnet
pg12b-14-2-hpc:1671494:1671494 [3] NCCL INFO Bootstrap: Using enp27s0f0np0:10.166.111.142<0>
pg12b-14-2-hpc:1671494:1671494 [3] NCCL INFO NCCL version 2.27.5+cuda12.9
pg12b-14-2-hpc:1671494:1671494 [3] NCCL INFO Comm config Blocking set to 1
pg12b-14-2-hpc:1671494:1671861 [3] NCCL INFO NET/Plugin: Could not find: libnccl-net.so. 
pg12b-14-2-hpc:1671494:1671861 [3] NCCL INFO NCCL_SOCKET_IFNAME set by environment to ^lo,docker,virbr,vmnet,vboxnet
pg12b-14-2-hpc:1671494:1671861 [3] NCCL INFO NET/IB : Using [0]mlx5_0:1/IB [1]mlx5_1:1/RoCE [2]mlx5_3:1/IB [3]mlx5_4:1/IB [4]mlx5_5:1/IB [5]mlx5_6:1/IB [6]mlx5_7:1/RoCE [7]mlx5_9:1/IB [8]mlx5_10:1/IB [9]mlx5_11:1/IB [RO]; OOB enp27s0f0np0:10.166.111.142<0>
pg12b-14-2-hpc:1671494:1671861 [3] NCCL INFO Initialized NET plugin IB
pg12b-14-2-hpc:1671494:1671861 [3] NCCL INFO Assigned NET plugin IB to comm
pg12b-14-2-hpc:1671494:1671861 [3] NCCL INFO Using network IB
pg12b-14-2-hpc:1671494:1671861 [3] NCCL INFO ncclCommInitRankConfig comm 0x557dfbbe3210 rank 3 nranks 8 cudaDev 3 nvmlDev 3 busId 5d000 commId 0xb8c542f1480fee96 - Init START
pg12b-14-2-hpc:1671494:1671861 [3] NCCL INFO RAS client listening socket at 127.0.0.1<28028>
pg12b-14-2-hpc:1671494:1671861 [3] NCCL INFO Bootstrap timings total 0.419035 (create 0.000029, send 0.000140, recv 0.027231, ring 0.357063, delay 0.000000)
pg12b-14-2-hpc:1671494:1671861 [3] NCCL INFO MNNVL busId 0x5d000 fabric UUID 0.0 cliqueId 0x0 state 3 healthMask 0x0
pg12b-14-2-hpc:1671494:1671861 [3] NCCL INFO Setting affinity for GPU 3 to 0,2,4,6,8,10,12,14,16,18,20,22,24,26,28,30,32,34,36,38,40,42,44,46,48,50,52,54,56,58,60,62,64,66,68,70,72,74,76,78,80,82,84,86,88,90,92,94,104,106,108,110,112,114,116,118,120,122,124,126,128,130,132,134,136,138,140,142,144,146,148,150,152,154,156,158,160,
pg12b-14-2-hpc:1671494:1671861 [3] NCCL INFO NVLS multicast support is available on dev 3 (NVLS_NCHANNELS 16)
pg12b-14-2-hpc:1671494:1671861 [3] NCCL INFO comm 0x557dfbbe3210 rank 3 nRanks 8 nNodes 1 localRanks 8 localRank 3 MNNVL 0
pg12b-14-2-hpc:1671494:1671861 [3] NCCL INFO Trees [0] 4/-1/-1->3->2 [1] 4/-1/-1->3->2 [2] 4/-1/-1->3->2 [3] 4/-1/-1->3->2 [4] 4/-1/-1->3->2 [5] 4/-1/-1->3->2 [6] 4/-1/-1->3->2 [7] 4/-1/-1->3->2 [8] 4/-1/-1->3->2 [9] 4/-1/-1->3->2 [10] 4/-1/-1->3->2 [11] 4/-1/-1->3->2 [12] 4/-1/-1->3->2 [13] 4/-1/-1->3->2 [14] 4/-1/-1->3->2 [15] 4/-1/-1->3->2 [16] 4/-1/-1->3->2 [17] 4/-1/-1->3->2 [18] 4/-1/-1->3->2 [19] 4/-1/-1->3->2 [20] 4/-1/-1->3->2 [21] 4/-1/-1->3->2 [22] 4/-1/-1->3->2 [23] 4/-1/-1->3->2
pg12b-14-2-hpc:1671494:1671861 [3] NCCL INFO P2P Chunksize set to 524288
pg12b-14-2-hpc:1671494:1671861 [3] NCCL INFO PROFILER/Plugin: Could not find: libnccl-profiler.so. 
pg12b-14-2-hpc:1671494:1671993 [3] NCCL INFO [Proxy Service] Device 3 CPU core 118
pg12b-14-2-hpc:1671494:1671994 [3] NCCL INFO [Proxy Service UDS] Device 3 CPU core 120
pg12b-14-2-hpc:1671494:1671861 [3] NCCL INFO threadThresholds 8/8/64 | 64/8/64 | 512 | 512
pg12b-14-2-hpc:1671494:1671861 [3] NCCL INFO 24 coll channels, 24 collnet channels, 16 nvls channels, 32 p2p channels, 32 p2p channels per peer
pg12b-14-2-hpc:1671494:1671861 [3] NCCL INFO TUNER/Plugin: Could not find: libnccl-tuner.so. Using internal tuner plugin.
pg12b-14-2-hpc:1671494:1671861 [3] NCCL INFO ncclCommInitRankConfig comm 0x557dfbbe3210 rank 3 nranks 8 cudaDev 3 nvmlDev 3 busId 5d000 commId 0xb8c542f1480fee96 - Init COMPLETE
pg12b-14-2-hpc:1671494:1671861 [3] NCCL INFO Init timings - ncclCommInitRankConfig: rank 3 nranks 8 total 1.82 (kernels 0.25, alloc 0.80, bootstrap 0.42, allgathers 0.01, topo 0.07, graphs 0.01, connections 0.22, rest 0.04)
pg12b-14-2-hpc:1671494:1672014 [3] NCCL INFO Channel 00/0 : 3[3] -> 4[4] via P2P/CUMEM
pg12b-14-2-hpc:1671494:1672014 [3] NCCL INFO Channel 01/0 : 3[3] -> 4[4] via P2P/CUMEM
pg12b-14-2-hpc:1671494:1672014 [3] NCCL INFO Channel 02/0 : 3[3] -> 4[4] via P2P/CUMEM
pg12b-14-2-hpc:1671494:167201pg12b-14-2-hpc:1671492:1671492 [1] NCCL INFO cudaDriverVersion 12080
pg12b-14-2-hpc:1671492:1671492 [1] NCCL INFO NCCL_SOCKET_IFNAME set by environment to ^lo,docker,virbr,vmnet,vboxnet
pg12b-14-2-hpc:1671492:1671492 [1] NCCL INFO Bootstrap: Using enp27s0f0np0:10.166.111.142<0>
pg12b-14-2-hpc:1671492:1671492 [1] NCCL INFO NCCL version 2.27.5+cuda12.9
pg12b-14-2-hpc:1671492:1671492 [1] NCCL INFO Comm config Blocking set to 1
pg12b-14-2-hpc:1671492:1671871 [1] NCCL INFO NET/Plugin: Could not find: libnccl-net.so. 
pg12b-14-2-hpc:1671492:1671871 [1] NCCL INFO NCCL_SOCKET_IFNAME set by environment to ^lo,docker,virbr,vmnet,vboxnet
pg12b-14-2-hpc:1671492:1671871 [1] NCCL INFO NET/IB : Using [0]mlx5_0:1/IB [1]mlx5_1:1/RoCE [2]mlx5_3:1/IB [3]mlx5_4:1/IB [4]mlx5_5:1/IB [5]mlx5_6:1/IB [6]mlx5_7:1/RoCE [7]mlx5_9:1/IB [8]mlx5_10:1/IB [9]mlx5_11:1/IB [RO]; OOB enp27s0f0np0:10.166.111.142<0>
pg12b-14-2-hpc:1671492:1671871 [1] NCCL INFO Initialized NET plugin IB
pg12b-14-2-hpc:1671492:1671871 [1] NCCL INFO Assigned NET plugin IB to comm
pg12b-14-2-hpc:1671492:1671871 [1] NCCL INFO Using network IB
pg12b-14-2-hpc:1671492:1671871 [1] NCCL INFO ncclCommInitRankConfig comm 0x55767d4f9870 rank 1 nranks 8 cudaDev 1 nvmlDev 1 busId 3b000 commId 0xb8c542f1480fee96 - Init START
pg12b-14-2-hpc:1671492:1671871 [1] NCCL INFO RAS client listening socket at 127.0.0.1<28028>
pg12b-14-2-hpc:1671492:1671871 [1] NCCL INFO Bootstrap timings total 0.000756 (create 0.000022, send 0.000117, recv 0.000075, ring 0.000287, delay 0.000000)
pg12b-14-2-hpc:1671492:1671871 [1] NCCL INFO MNNVL busId 0x3b000 fabric UUID 0.0 cliqueId 0x0 state 3 healthMask 0x0
pg12b-14-2-hpc:1671492:1671871 [1] NCCL INFO Setting affinity for GPU 1 to 0,2,4,6,8,10,12,14,16,18,20,22,24,26,28,30,32,34,36,38,40,42,44,46,48,50,52,54,56,58,60,62,64,66,68,70,72,74,76,78,80,82,84,86,88,90,92,94,104,106,108,110,112,114,116,118,120,122,124,126,128,130,132,134,136,138,140,142,144,146,148,150,152,154,156,158,160,
pg12b-14-2-hpc:1671492:1671871 [1] NCCL INFO NVLS multicast support is available on dev 1 (NVLS_NCHANNELS 16)
pg12b-14-2-hpc:1671492:1671871 [1] NCCL INFO comm 0x55767d4f9870 rank 1 nRanks 8 nNodes 1 localRanks 8 localRank 1 MNNVL 0
pg12b-14-2-hpc:1671492:1671871 [1] NCCL INFO Trees [0] 2/-1/-1->1->0 [1] 2/-1/-1->1->0 [2] 2/-1/-1->1->0 [3] 2/-1/-1->1->0 [4] 2/-1/-1->1->0 [5] 2/-1/-1->1->0 [6] 2/-1/-1->1->0 [7] 2/-1/-1->1->0 [8] 2/-1/-1->1->0 [9] 2/-1/-1->1->0 [10] 2/-1/-1->1->0 [11] 2/-1/-1->1->0 [12] 2/-1/-1->1->0 [13] 2/-1/-1->1->0 [14] 2/-1/-1->1->0 [15] 2/-1/-1->1->0 [16] 2/-1/-1->1->0 [17] 2/-1/-1->1->0 [18] 2/-1/-1->1->0 [19] 2/-1/-1->1->0 [20] 2/-1/-1->1->0 [21] 2/-1/-1->1->0 [22] 2/-1/-1->1->0 [23] 2/-1/-1->1->0
pg12b-14-2-hpc:1671492:1671871 [1] NCCL INFO P2P Chunksize set to 524288
pg12b-14-2-hpc:1671492:1671871 [1] NCCL INFO PROFILER/Plugin: Could not find: libnccl-profiler.so. 
pg12b-14-2-hpc:1671492:1671996 [1] NCCL INFO [Proxy Service UDS] Device 1 CPU core 158
pg12b-14-2-hpc:1671492:1671995 [1] NCCL INFO [Proxy Service] Device 1 CPU core 156
pg12b-14-2-hpc:1671492:1671871 [1] NCCL INFO threadThresholds 8/8/64 | 64/8/64 | 512 | 512
pg12b-14-2-hpc:1671492:1671871 [1] NCCL INFO 24 coll channels, 24 collnet channels, 16 nvls channels, 32 p2p channels, 32 p2p channels per peer
pg12b-14-2-hpc:1671492:1671871 [1] NCCL INFO TUNER/Plugin: Could not find: libnccl-tuner.so. Using internal tuner plugin.
pg12b-14-2-hpc:1671492:1671871 [1] NCCL INFO ncclCommInitRankConfig comm 0x55767d4f9870 rank 1 nranks 8 cudaDev 1 nvmlDev 1 busId 3b000 commId 0xb8c542f1480fee96 - Init COMPLETE
pg12b-14-2-hpc:1671492:1671871 [1] NCCL INFO Init timings - ncclCommInitRankConfig: rank 1 nranks 8 total 1.51 (kernels 0.92, alloc 0.25, bootstrap 0.00, allgathers 0.01, topo 0.07, graphs 0.01, connections 0.22, rest 0.04)
pg12b-14-2-hpc:1671492:1672016 [1] NCCL INFO Channel 00/0 : 1[1] -> 2[2] via P2P/CUMEM
pg12b-14-2-hpc:1671492:1672016 [1] NCCL INFO Channel 01/0 : 1[1] -> 2[2] via P2P/CUMEM
pg12b-14-2-hpc:1671492:1672016 [1] NCCL INFO Channel 02/0 : 1[1] -> 2[2] via P2P/CUMEM
pg12b-14-2-hpc:1671492:167201pg12b-14-2-hpc:1671498:1671498 [6] NCCL INFO cudaDriverVersion 12080
pg12b-14-2-hpc:1671498:1671498 [6] NCCL INFO NCCL_SOCKET_IFNAME set by environment to ^lo,docker,virbr,vmnet,vboxnet
pg12b-14-2-hpc:1671498:1671498 [6] NCCL INFO Bootstrap: Using enp27s0f0np0:10.166.111.142<0>
pg12b-14-2-hpc:1671498:1671498 [6] NCCL INFO NCCL version 2.27.5+cuda12.9
pg12b-14-2-hpc:1671498:1671498 [6] NCCL INFO Comm config Blocking set to 1
pg12b-14-2-hpc:1671498:1671859 [6] NCCL INFO NET/Plugin: Could not find: libnccl-net.so. 
pg12b-14-2-hpc:1671498:1671859 [6] NCCL INFO NCCL_SOCKET_IFNAME set by environment to ^lo,docker,virbr,vmnet,vboxnet
pg12b-14-2-hpc:1671498:1671859 [6] NCCL INFO NET/IB : Using [0]mlx5_0:1/IB [1]mlx5_1:1/RoCE [2]mlx5_3:1/IB [3]mlx5_4:1/IB [4]mlx5_5:1/IB [5]mlx5_6:1/IB [6]mlx5_7:1/RoCE [7]mlx5_9:1/IB [8]mlx5_10:1/IB [9]mlx5_11:1/IB [RO]; OOB enp27s0f0np0:10.166.111.142<0>
pg12b-14-2-hpc:1671498:1671859 [6] NCCL INFO Initialized NET plugin IB
pg12b-14-2-hpc:1671498:1671859 [6] NCCL INFO Assigned NET plugin IB to comm
pg12b-14-2-hpc:1671498:1671859 [6] NCCL INFO Using network IB
pg12b-14-2-hpc:1671498:1671859 [6] NCCL INFO ncclCommInitRankConfig comm 0x5623309e34b0 rank 6 nranks 8 cudaDev 6 nvmlDev 6 busId cb000 commId 0xb8c542f1480fee96 - Init START
pg12b-14-2-hpc:1671498:1671859 [6] NCCL INFO RAS client listening socket at 127.0.0.1<28028>
pg12b-14-2-hpc:1671498:1671859 [6] NCCL INFO Bootstrap timings total 0.338176 (create 0.000021, send 0.000094, recv 0.056755, ring 0.280983, delay 0.000000)
pg12b-14-2-hpc:1671498:1671859 [6] NCCL INFO MNNVL busId 0xcb000 fabric UUID 0.0 cliqueId 0x0 state 3 healthMask 0x0
pg12b-14-2-hpc:1671498:1671859 [6] NCCL INFO Setting affinity for GPU 6 to 1,3,5,7,9,11,13,15,17,19,21,23,25,27,29,31,33,35,37,39,41,43,45,47,49,51,53,55,57,59,61,63,65,67,69,71,73,75,77,79,81,83,85,87,89,91,93,95,105,107,109,111,113,115,117,119,121,123,125,127,129,131,133,135,137,139,141,143,145,147,149,151,153,155,157,159,161,
pg12b-14-2-hpc:1671498:1671859 [6] NCCL INFO NVLS multicast support is available on dev 6 (NVLS_NCHANNELS 16)
pg12b-14-2-hpc:1671498:1671859 [6] NCCL INFO comm 0x5623309e34b0 rank 6 nRanks 8 nNodes 1 localRanks 8 localRank 6 MNNVL 0
pg12b-14-2-hpc:1671498:1671859 [6] NCCL INFO Trees [0] 7/-1/-1->6->5 [1] 7/-1/-1->6->5 [2] 7/-1/-1->6->5 [3] 7/-1/-1->6->5 [4] 7/-1/-1->6->5 [5] 7/-1/-1->6->5 [6] 7/-1/-1->6->5 [7] 7/-1/-1->6->5 [8] 7/-1/-1->6->5 [9] 7/-1/-1->6->5 [10] 7/-1/-1->6->5 [11] 7/-1/-1->6->5 [12] 7/-1/-1->6->5 [13] 7/-1/-1->6->5 [14] 7/-1/-1->6->5 [15] 7/-1/-1->6->5 [16] 7/-1/-1->6->5 [17] 7/-1/-1->6->5 [18] 7/-1/-1->6->5 [19] 7/-1/-1->6->5 [20] 7/-1/-1->6->5 [21] 7/-1/-1->6->5 [22] 7/-1/-1->6->5 [23] 7/-1/-1->6->5
pg12b-14-2-hpc:1671498:1671859 [6] NCCL INFO P2P Chunksize set to 524288
pg12b-14-2-hpc:1671498:1671859 [6] NCCL INFO PROFILER/Plugin: Could not find: libnccl-profiler.so. 
pg12b-14-2-hpc:1671498:1671997 [6] NCCL INFO [Proxy Service] Device 6 CPU core 25
pg12b-14-2-hpc:1671498:1671998 [6] NCCL INFO [Proxy Service UDS] Device 6 CPU core 27
pg12b-14-2-hpc:1671498:1671859 [6] NCCL INFO threadThresholds 8/8/64 | 64/8/64 | 512 | 512
pg12b-14-2-hpc:1671498:1671859 [6] NCCL INFO 24 coll channels, 24 collnet channels, 16 nvls channels, 32 p2p channels, 32 p2p channels per peer
pg12b-14-2-hpc:1671498:1671859 [6] NCCL INFO TUNER/Plugin: Could not find: libnccl-tuner.so. Using internal tuner plugin.
pg12b-14-2-hpc:1671498:1671859 [6] NCCL INFO ncclCommInitRankConfig comm 0x5623309e34b0 rank 6 nranks 8 cudaDev 6 nvmlDev 6 busId cb000 commId 0xb8c542f1480fee96 - Init COMPLETE
pg12b-14-2-hpc:1671498:1671859 [6] NCCL INFO Init timings - ncclCommInitRankConfig: rank 6 nranks 8 total 1.83 (kernels 0.28, alloc 0.86, bootstrap 0.34, allgathers 0.01, topo 0.07, graphs 0.01, connections 0.22, rest 0.04)
pg12b-14-2-hpc:1671498:1672015 [6] NCCL INFO Channel 00/0 : 6[6] -> 7[7] via P2P/CUMEM
pg12b-14-2-hpc:1671498:1672015 [6] NCCL INFO Channel 01/0 : 6[6] -> 7[7] via P2P/CUMEM
pg12b-14-2-hpc:1671498:1672015 [6] NCCL INFO Channel 02/0 : 6[6] -> 7[7] via P2P/CUMEM
pg12b-14-2-hpc:1671498:1672015 NFO Trees [0] 1/-1/-1->0->-1 [1] 1/-1/-1->0->-1 [2] 1/-1/-1->0->-1 [3] 1/-1/-1->0->-1 [4] 1/-1/-1->0->-1 [5] 1/-1/-1->0->-1 [6] 1/-1/-1->0->-1 [7] 1/-1/-1->0->-1 [8] 1/-1/-1->0->-1 [9] 1/-1/-1->0->-1 [10] 1/-1/-1->0->-1 [11] 1/-1/-1->0->-1 [12] 1/-1/-1->0->-1 [13] 1/-1/-1->0->-1 [14] 1/-1/-1->0->-1 [15] 1/-1/-1->0->-1 [16] 1/-1/-1->0->-1 [17] 1/-1/-1->0->-1 [18] 1/-1/-1->0->-1 [19] 1/-1/-1->0->-1 [20] 1/-1/-1->0->-1 [21] 1/-1/-1->0->-1 [22] 1/-1/-1->0->-1 [23] 1/-1/-1->0->-1
pg12b-14-2-hpc:1671491:1671857 [0] NCCL INFO P2P Chunksize set to 524288
pg12b-14-2-hpc:1671491:1671857 [0] NCCL INFO PROFILER/Plugin: Could not find: libnccl-profiler.so. 
pg12b-14-2-hpc:1671491:1671857 [0] NCCL INFO Check P2P Type isAllDirectP2p 1 directMode 0
pg12b-14-2-hpc:1671491:1671991 [0] NCCL INFO [Proxy Service] Device 0 CPU core 30
pg12b-14-2-hpc:1671491:1671992 [0] NCCL INFO [Proxy Service UDS] Device 0 CPU core 34
pg12b-14-2-hpc:1671491:1671857 [0] NCCL INFO threadThresholds 8/8/64 | 64/8/64 | 512 | 512
pg12b-14-2-hpc:1671491:1671857 [0] NCCL INFO 24 coll channels, 24 collnet channels, 16 nvls channels, 32 p2p channels, 32 p2p channels per peer
pg12b-14-2-hpc:1671491:1671857 [0] NCCL INFO CC Off, workFifoBytes 1048576
pg12b-14-2-hpc:1671491:1671857 [0] NCCL INFO TUNER/Plugin: Could not find: libnccl-tuner.so. Using internal tuner plugin.
pg12b-14-2-hpc:1671491:1671857 [0] NCCL INFO ncclCommInitRankConfig comm 0x55cc4c9f5ff0 rank 0 nranks 8 cudaDev 0 nvmlDev 0 busId 19000 commId 0xb8c542f1480fee96 - Init COMPLETE
pg12b-14-2-hpc:1671491:1671857 [0] NCCL INFO Init timings - ncclCommInitRankConfig: rank 0 nranks 8 total 1.85 (kernels 0.26, alloc 0.97, bootstrap 0.28, allgathers 0.01, topo 0.07, graphs 0.01, connections 0.22, rest 0.04)
pg12b-14-2-hpc:1671491:1672017 [0] NCCL INFO Channel 00/0 : 0[0] -> 1[1] via P2P/CUMEM
pg12b-14-2-hpc:1671491:1672017 [0] NCCL INFO Channel 01/0 : 0[0] -> 1[1] via P2P/CUMEM
pg12b-14-2-hpc:1671491:1672017 [0] NCCL INFO Channel 02/0 : 0[0] -> 1[1] via P2P/CUMEM
pg12b-14-2-hpc:1671491:1672017 [0] NCCL INFO Channel 03/0 : 0[0] -> 1[1] via P2P/CUMEM
pg12b-14-2-hpc:1671491:1672017 [0] NCCL INFO Channel 04/0 : 0[0] -> 1[1] via P2P/CUMEM
pg12b-14-2-hpc:1671491:1672017 [0] NCCL INFO Channel 05/0 : 0[0] -> 1[1] via P2P/CUMEM
pg12b-14-2-hpc:1671491:1672017 [0] NCCL INFO Channel 06/0 : 0[0] -> 1[1] via P2P/CUMEM
pg12b-14-2-hpc:1671491:1672017 [0] NCCL INFO Channel 07/0 : 0[0] -> 1[1] via P2P/CUMEM
pg12b-14-2-hpc:1671491:1672017 [0] NCCL INFO Channel 08/0 : 0[0] -> 1[1] via P2P/CUMEM
pg12b-14-2-hpc:1671491:1672017 [0] NCCL INFO Channel 09/0 : 0[0] -> 1[1] via P2P/CUMEM
pg12b-14-2-hpc:1671491:1672017 [0] NCCL INFO Channel 10/0 : 0[0] -> 1[1] via P2P/CUMEM
pg12b-14-2-hpc:1671491:1672017 [0] NCCL INFO Channel 11/0 : 0[0] -> 1[1] via P2P/CUMEM
pg12b-14-2-hpc:1671491:1672017 [0] NCCL INFO Channel 12/0 : 0[0] -> 1[1] via P2P/CUMEM
pg12b-14-2-hpc:1671491:1672017 [0] NCCL INFO Channel 13/0 : 0[0] -> 1[1] via P2P/CUMEM
pg12b-14-2-hpc:1671491:1672017 [0] NCCL INFO Channel 14/0 : 0[0] -> 1[1] via P2P/CUMEM
pg12b-14-2-hpc:1671491:1672017 [0] NCCL INFO Channel 15/0 : 0[0] -> 1[1] via P2P/CUMEM
pg12b-14-2-hpc:1671491:1672017 [0] NCCL INFO Channel 16/0 : 0[0] -> 1[1] via P2P/CUMEM
pg12b-14-2-hpc:1671491:1672017 [0] NCCL INFO Channel 17/0 : 0[0] -> 1[1] via P2P/CUMEM
pg12b-14-2-hpc:1671491:1672017 [0] NCCL INFO Channel 18/0 : 0[0] -> 1[1] via P2P/CUMEM
pg12b-14-2-hpc:1671491:1672017 [0] NCCL INFO Channel 19/0 : 0[0] -> 1[1] via P2P/CUMEM
pg12b-14-2-hpc:1671491:1672017 [0] NCCL INFO Channel 20/0 : 0[0] -> 1[1] via P2P/CUMEM
pg12b-14-2-hpc:1671491:1672017 [0] NCCL INFO Channel 21/0 : 0[0] -> 1[1] via P2P/CUMEM
pg12b-14-2-hpc:1671491:1672017 [0] NCCL INFO Channel 22/0 : 0[0] -> 1[1] via P2P/CUMEM
pg12b-14-2-hpc:1671491:1672017 [0] NCCL INFO Channel 23/0 : 0[0] -> 1[1] via P2P/CUMEM
pg12b-14-2-hpc:1671491:1672017 [0] NCCL INFO Connected all rings, use ring PXN 0 GDR 1
[rank0]:[W828 19:06:15.460027347 Utils.hpp:112] Warning: Environment variable NCCL_BLOCKING_WAIT is deprecated; use TORCH_NCCL_BLOCKING_WAIT instead (function operator())
4 [3] NCCL INFO Channel 03/0 : 3[3] -> 4[4] via P2P/CUMEM
pg12b-14-2-hpc:1671494:1672014 [3] NCCL INFO Channel 04/0 : 3[3] -> 4[4] via P2P/CUMEM
pg12b-14-2-hpc:1671494:1672014 [3] NCCL INFO Channel 05/0 : 3[3] -> 4[4] via P2P/CUMEM
pg12b-14-2-hpc:1671494:1672014 [3] NCCL INFO Channel 06/0 : 3[3] -> 4[4] via P2P/CUMEM
pg12b-14-2-hpc:1671494:1672014 [3] NCCL INFO Channel 07/0 : 3[3] -> 4[4] via P2P/CUMEM
pg12b-14-2-hpc:1671494:1672014 [3] NCCL INFO Channel 08/0 : 3[3] -> 4[4] via P2P/CUMEM
pg12b-14-2-hpc:1671494:1672014 [3] NCCL INFO Channel 09/0 : 3[3] -> 4[4] via P2P/CUMEM
pg12b-14-2-hpc:1671494:1672014 [3] NCCL INFO Channel 10/0 : 3[3] -> 4[4] via P2P/CUMEM
pg12b-14-2-hpc:1671494:1672014 [3] NCCL INFO Channel 11/0 : 3[3] -> 4[4] via P2P/CUMEM
pg12b-14-2-hpc:1671494:1672014 [3] NCCL INFO Channel 12/0 : 3[3] -> 4[4] via P2P/CUMEM
pg12b-14-2-hpc:1671494:1672014 [3] NCCL INFO Channel 13/0 : 3[3] -> 4[4] via P2P/CUMEM
pg12b-14-2-hpc:1671494:1672014 [3] NCCL INFO Channel 14/0 : 3[3] -> 4[4] via P2P/CUMEM
pg12b-14-2-hpc:1671494:1672014 [3] NCCL INFO Channel 15/0 : 3[3] -> 4[4] via P2P/CUMEM
pg12b-14-2-hpc:1671494:1672014 [3] NCCL INFO Channel 16/0 : 3[3] -> 4[4] via P2P/CUMEM
pg12b-14-2-hpc:1671494:1672014 [3] NCCL INFO Channel 17/0 : 3[3] -> 4[4] via P2P/CUMEM
pg12b-14-2-hpc:1671494:1672014 [3] NCCL INFO Channel 18/0 : 3[3] -> 4[4] via P2P/CUMEM
pg12b-14-2-hpc:1671494:1672014 [3] NCCL INFO Channel 19/0 : 3[3] -> 4[4] via P2P/CUMEM
pg12b-14-2-hpc:1671494:1672014 [3] NCCL INFO Channel 20/0 : 3[3] -> 4[4] via P2P/CUMEM
pg12b-14-2-hpc:1671494:1672014 [3] NCCL INFO Channel 21/0 : 3[3] -> 4[4] via P2P/CUMEM
pg12b-14-2-hpc:1671494:1672014 [3] NCCL INFO Channel 22/0 : 3[3] -> 4[4] via P2P/CUMEM
pg12b-14-2-hpc:1671494:1672014 [3] NCCL INFO Channel 23/0 : 3[3] -> 4[4] via P2P/CUMEM
pg12b-14-2-hpc:1671494:1672014 [3] NCCL INFO Connected all rings, use ring PXN 0 GDR 1
[rank3]:[W828 19:06:15.462727018 Utils.hpp:112] Warning: Environment variable NCCL_BLOCKING_WAIT is deprecated; use TORCH_NCCL_BLOCKING_WAIT instead (function operator())
4] NCCL INFO Channel 03/0 : 4[4] -> 5[5] via P2P/CUMEM
pg12b-14-2-hpc:1671495:1672010 [4] NCCL INFO Channel 04/0 : 4[4] -> 5[5] via P2P/CUMEM
pg12b-14-2-hpc:1671495:1672010 [4] NCCL INFO Channel 05/0 : 4[4] -> 5[5] via P2P/CUMEM
pg12b-14-2-hpc:1671495:1672010 [4] NCCL INFO Channel 06/0 : 4[4] -> 5[5] via P2P/CUMEM
pg12b-14-2-hpc:1671495:1672010 [4] NCCL INFO Channel 07/0 : 4[4] -> 5[5] via P2P/CUMEM
pg12b-14-2-hpc:1671495:1672010 [4] NCCL INFO Channel 08/0 : 4[4] -> 5[5] via P2P/CUMEM
pg12b-14-2-hpc:1671495:1672010 [4] NCCL INFO Channel 09/0 : 4[4] -> 5[5] via P2P/CUMEM
pg12b-14-2-hpc:1671495:1672010 [4] NCCL INFO Channel 10/0 : 4[4] -> 5[5] via P2P/CUMEM
pg12b-14-2-hpc:1671495:1672010 [4] NCCL INFO Channel 11/0 : 4[4] -> 5[5] via P2P/CUMEM
pg12b-14-2-hpc:1671495:1672010 [4] NCCL INFO Channel 12/0 : 4[4] -> 5[5] via P2P/CUMEM
pg12b-14-2-hpc:1671495:1672010 [4] NCCL INFO Channel 13/0 : 4[4] -> 5[5] via P2P/CUMEM
pg12b-14-2-hpc:1671495:1672010 [4] NCCL INFO Channel 14/0 : 4[4] -> 5[5] via P2P/CUMEM
pg12b-14-2-hpc:1671495:1672010 [4] NCCL INFO Channel 15/0 : 4[4] -> 5[5] via P2P/CUMEM
pg12b-14-2-hpc:1671495:1672010 [4] NCCL INFO Channel 16/0 : 4[4] -> 5[5] via P2P/CUMEM
pg12b-14-2-hpc:1671495:1672010 [4] NCCL INFO Channel 17/0 : 4[4] -> 5[5] via P2P/CUMEM
pg12b-14-2-hpc:1671495:1672010 [4] NCCL INFO Channel 18/0 : 4[4] -> 5[5] via P2P/CUMEM
pg12b-14-2-hpc:1671495:1672010 [4] NCCL INFO Channel 19/0 : 4[4] -> 5[5] via P2P/CUMEM
pg12b-14-2-hpc:1671495:1672010 [4] NCCL INFO Channel 20/0 : 4[4] -> 5[5] via P2P/CUMEM
pg12b-14-2-hpc:1671495:1672010 [4] NCCL INFO Channel 21/0 : 4[4] -> 5[5] via P2P/CUMEM
pg12b-14-2-hpc:1671495:1672010 [4] NCCL INFO Channel 22/0 : 4[4] -> 5[5] via P2P/CUMEM
pg12b-14-2-hpc:1671495:1672010 [4] NCCL INFO Channel 23/0 : 4[4] -> 5[5] via P2P/CUMEM
pg12b-14-2-hpc:1671495:1672010 [4] NCCL INFO Connected all rings, use ring PXN 0 GDR 1
[rank4]:[W828 19:06:15.463468806 Utils.hpp:112] Warning: Environment variable NCCL_BLOCKING_WAIT is deprecated; use TORCH_NCCL_BLOCKING_WAIT instead (function operator())
 [2] NCCL INFO Channel 03/0 : 2[2] -> 3[3] via P2P/CUMEM
pg12b-14-2-hpc:1671493:1672013 [2] NCCL INFO Channel 04/0 : 2[2] -> 3[3] via P2P/CUMEM
pg12b-14-2-hpc:1671493:1672013 [2] NCCL INFO Channel 05/0 : 2[2] -> 3[3] via P2P/CUMEM
pg12b-14-2-hpc:1671493:1672013 [2] NCCL INFO Channel 06/0 : 2[2] -> 3[3] via P2P/CUMEM
pg12b-14-2-hpc:1671493:1672013 [2] NCCL INFO Channel 07/0 : 2[2] -> 3[3] via P2P/CUMEM
pg12b-14-2-hpc:1671493:1672013 [2] NCCL INFO Channel 08/0 : 2[2] -> 3[3] via P2P/CUMEM
pg12b-14-2-hpc:1671493:1672013 [2] NCCL INFO Channel 09/0 : 2[2] -> 3[3] via P2P/CUMEM
pg12b-14-2-hpc:1671493:1672013 [2] NCCL INFO Channel 10/0 : 2[2] -> 3[3] via P2P/CUMEM
pg12b-14-2-hpc:1671493:1672013 [2] NCCL INFO Channel 11/0 : 2[2] -> 3[3] via P2P/CUMEM
pg12b-14-2-hpc:1671493:1672013 [2] NCCL INFO Channel 12/0 : 2[2] -> 3[3] via P2P/CUMEM
pg12b-14-2-hpc:1671493:1672013 [2] NCCL INFO Channel 13/0 : 2[2] -> 3[3] via P2P/CUMEM
pg12b-14-2-hpc:1671493:1672013 [2] NCCL INFO Channel 14/0 : 2[2] -> 3[3] via P2P/CUMEM
pg12b-14-2-hpc:1671493:1672013 [2] NCCL INFO Channel 15/0 : 2[2] -> 3[3] via P2P/CUMEM
pg12b-14-2-hpc:1671493:1672013 [2] NCCL INFO Channel 16/0 : 2[2] -> 3[3] via P2P/CUMEM
pg12b-14-2-hpc:1671493:1672013 [2] NCCL INFO Channel 17/0 : 2[2] -> 3[3] via P2P/CUMEM
pg12b-14-2-hpc:1671493:1672013 [2] NCCL INFO Channel 18/0 : 2[2] -> 3[3] via P2P/CUMEM
pg12b-14-2-hpc:1671493:1672013 [2] NCCL INFO Channel 19/0 : 2[2] -> 3[3] via P2P/CUMEM
pg12b-14-2-hpc:1671493:1672013 [2] NCCL INFO Channel 20/0 : 2[2] -> 3[3] via P2P/CUMEM
pg12b-14-2-hpc:1671493:1672013 [2] NCCL INFO Channel 21/0 : 2[2] -> 3[3] via P2P/CUMEM
pg12b-14-2-hpc:1671493:1672013 [2] NCCL INFO Channel 22/0 : 2[2] -> 3[3] via P2P/CUMEM
pg12b-14-2-hpc:1671493:1672013 [2] NCCL INFO Channel 23/0 : 2[2] -> 3[3] via P2P/CUMEM
pg12b-14-2-hpc:1671493:1672013 [2] NCCL INFO Connected all rings, use ring PXN 0 GDR 1
[rank2]:[W828 19:06:15.463616408 Utils.hpp:112] Warning: Environment variable NCCL_BLOCKING_WAIT is deprecated; use TORCH_NCCL_BLOCKING_WAIT instead (function operator())
6 [1] NCCL INFO Channel 03/0 : 1[1] -> 2[2] via P2P/CUMEM
pg12b-14-2-hpc:1671492:1672016 [1] NCCL INFO Channel 04/0 : 1[1] -> 2[2] via P2P/CUMEM
pg12b-14-2-hpc:1671492:1672016 [1] NCCL INFO Channel 05/0 : 1[1] -> 2[2] via P2P/CUMEM
pg12b-14-2-hpc:1671492:1672016 [1] NCCL INFO Channel 06/0 : 1[1] -> 2[2] via P2P/CUMEM
pg12b-14-2-hpc:1671492:1672016 [1] NCCL INFO Channel 07/0 : 1[1] -> 2[2] via P2P/CUMEM
pg12b-14-2-hpc:1671492:1672016 [1] NCCL INFO Channel 08/0 : 1[1] -> 2[2] via P2P/CUMEM
pg12b-14-2-hpc:1671492:1672016 [1] NCCL INFO Channel 09/0 : 1[1] -> 2[2] via P2P/CUMEM
pg12b-14-2-hpc:1671492:1672016 [1] NCCL INFO Channel 10/0 : 1[1] -> 2[2] via P2P/CUMEM
pg12b-14-2-hpc:1671492:1672016 [1] NCCL INFO Channel 11/0 : 1[1] -> 2[2] via P2P/CUMEM
pg12b-14-2-hpc:1671492:1672016 [1] NCCL INFO Channel 12/0 : 1[1] -> 2[2] via P2P/CUMEM
pg12b-14-2-hpc:1671492:1672016 [1] NCCL INFO Channel 13/0 : 1[1] -> 2[2] via P2P/CUMEM
pg12b-14-2-hpc:1671492:1672016 [1] NCCL INFO Channel 14/0 : 1[1] -> 2[2] via P2P/CUMEM
pg12b-14-2-hpc:1671492:1672016 [1] NCCL INFO Channel 15/0 : 1[1] -> 2[2] via P2P/CUMEM
pg12b-14-2-hpc:1671492:1672016 [1] NCCL INFO Channel 16/0 : 1[1] -> 2[2] via P2P/CUMEM
pg12b-14-2-hpc:1671492:1672016 [1] NCCL INFO Channel 17/0 : 1[1] -> 2[2] via P2P/CUMEM
pg12b-14-2-hpc:1671492:1672016 [1] NCCL INFO Channel 18/0 : 1[1] -> 2[2] via P2P/CUMEM
pg12b-14-2-hpc:1671492:1672016 [1] NCCL INFO Channel 19/0 : 1[1] -> 2[2] via P2P/CUMEM
pg12b-14-2-hpc:1671492:1672016 [1] NCCL INFO Channel 20/0 : 1[1] -> 2[2] via P2P/CUMEM
pg12b-14-2-hpc:1671492:1672016 [1] NCCL INFO Channel 21/0 : 1[1] -> 2[2] via P2P/CUMEM
pg12b-14-2-hpc:1671492:1672016 [1] NCCL INFO Channel 22/0 : 1[1] -> 2[2] via P2P/CUMEM
pg12b-14-2-hpc:1671492:1672016 [1] NCCL INFO Channel 23/0 : 1[1] -> 2[2] via P2P/CUMEM
pg12b-14-2-hpc:1671492:1672016 [1] NCCL INFO Connected all rings, use ring PXN 0 GDR 1
[rank1]:[W828 19:06:15.464253154 Utils.hpp:112] Warning: Environment variable NCCL_BLOCKING_WAIT is deprecated; use TORCH_NCCL_BLOCKING_WAIT instead (function operator())
1 [5] NCCL INFO Channel 03/0 : 5[5] -> 6[6] via P2P/CUMEM
pg12b-14-2-hpc:1671496:1672011 [5] NCCL INFO Channel 04/0 : 5[5] -> 6[6] via P2P/CUMEM
pg12b-14-2-hpc:1671496:1672011 [5] NCCL INFO Channel 05/0 : 5[5] -> 6[6] via P2P/CUMEM
pg12b-14-2-hpc:1671496:1672011 [5] NCCL INFO Channel 06/0 : 5[5] -> 6[6] via P2P/CUMEM
pg12b-14-2-hpc:1671496:1672011 [5] NCCL INFO Channel 07/0 : 5[5] -> 6[6] via P2P/CUMEM
pg12b-14-2-hpc:1671496:1672011 [5] NCCL INFO Channel 08/0 : 5[5] -> 6[6] via P2P/CUMEM
pg12b-14-2-hpc:1671496:1672011 [5] NCCL INFO Channel 09/0 : 5[5] -> 6[6] via P2P/CUMEM
pg12b-14-2-hpc:1671496:1672011 [5] NCCL INFO Channel 10/0 : 5[5] -> 6[6] via P2P/CUMEM
pg12b-14-2-hpc:1671496:1672011 [5] NCCL INFO Channel 11/0 : 5[5] -> 6[6] via P2P/CUMEM
pg12b-14-2-hpc:1671496:1672011 [5] NCCL INFO Channel 12/0 : 5[5] -> 6[6] via P2P/CUMEM
pg12b-14-2-hpc:1671496:1672011 [5] NCCL INFO Channel 13/0 : 5[5] -> 6[6] via P2P/CUMEM
pg12b-14-2-hpc:1671496:1672011 [5] NCCL INFO Channel 14/0 : 5[5] -> 6[6] via P2P/CUMEM
pg12b-14-2-hpc:1671496:1672011 [5] NCCL INFO Channel 15/0 : 5[5] -> 6[6] via P2P/CUMEM
pg12b-14-2-hpc:1671496:1672011 [5] NCCL INFO Channel 16/0 : 5[5] -> 6[6] via P2P/CUMEM
pg12b-14-2-hpc:1671496:1672011 [5] NCCL INFO Channel 17/0 : 5[5] -> 6[6] via P2P/CUMEM
pg12b-14-2-hpc:1671496:1672011 [5] NCCL INFO Channel 18/0 : 5[5] -> 6[6] via P2P/CUMEM
pg12b-14-2-hpc:1671496:1672011 [5] NCCL INFO Channel 19/0 : 5[5] -> 6[6] via P2P/CUMEM
pg12b-14-2-hpc:1671496:1672011 [5] NCCL INFO Channel 20/0 : 5[5] -> 6[6] via P2P/CUMEM
pg12b-14-2-hpc:1671496:1672011 [5] NCCL INFO Channel 21/0 : 5[5] -> 6[6] via P2P/CUMEM
pg12b-14-2-hpc:1671496:1672011 [5] NCCL INFO Channel 22/0 : 5[5] -> 6[6] via P2P/CUMEM
pg12b-14-2-hpc:1671496:1672011 [5] NCCL INFO Channel 23/0 : 5[5] -> 6[6] via P2P/CUMEM
pg12b-14-2-hpc:1671496:1672011 [5] NCCL INFO Connected all rings, use ring PXN 0 GDR 1
[rank5]:[W828 19:06:15.464348325 Utils.hpp:112] Warning: Environment variable NCCL_BLOCKING_WAIT is deprecated; use TORCH_NCCL_BLOCKING_WAIT instead (function operator())
14-2-hpc:1671499:1672012 [7] NCCL INFO Channel 03/0 : 7[7] -> 0[0] via P2P/CUMEM
pg12b-14-2-hpc:1671499:1672012 [7] NCCL INFO Channel 04/0 : 7[7] -> 0[0] via P2P/CUMEM
pg12b-14-2-hpc:1671499:1672012 [7] NCCL INFO Channel 05/0 : 7[7] -> 0[0] via P2P/CUMEM
pg12b-14-2-hpc:1671499:1672012 [7] NCCL INFO Channel 06/0 : 7[7] -> 0[0] via P2P/CUMEM
pg12b-14-2-hpc:1671499:1672012 [7] NCCL INFO Channel 07/0 : 7[7] -> 0[0] via P2P/CUMEM
pg12b-14-2-hpc:1671499:1672012 [7] NCCL INFO Channel 08/0 : 7[7] -> 0[0] via P2P/CUMEM
pg12b-14-2-hpc:1671499:1672012 [7] NCCL INFO Channel 09/0 : 7[7] -> 0[0] via P2P/CUMEM
pg12b-14-2-hpc:1671499:1672012 [7] NCCL INFO Channel 10/0 : 7[7] -> 0[0] via P2P/CUMEM
pg12b-14-2-hpc:1671499:1672012 [7] NCCL INFO Channel 11/0 : 7[7] -> 0[0] via P2P/CUMEM
pg12b-14-2-hpc:1671499:1672012 [7] NCCL INFO Channel 12/0 : 7[7] -> 0[0] via P2P/CUMEM
pg12b-14-2-hpc:1671499:1672012 [7] NCCL INFO Channel 13/0 : 7[7] -> 0[0] via P2P/CUMEM
pg12b-14-2-hpc:1671499:1672012 [7] NCCL INFO Channel 14/0 : 7[7] -> 0[0] via P2P/CUMEM
pg12b-14-2-hpc:1671499:1672012 [7] NCCL INFO Channel 15/0 : 7[7] -> 0[0] via P2P/CUMEM
pg12b-14-2-hpc:1671499:1672012 [7] NCCL INFO Channel 16/0 : 7[7] -> 0[0] via P2P/CUMEM
pg12b-14-2-hpc:1671499:1672012 [7] NCCL INFO Channel 17/0 : 7[7] -> 0[0] via P2P/CUMEM
pg12b-14-2-hpc:1671499:1672012 [7] NCCL INFO Channel 18/0 : 7[7] -> 0[0] via P2P/CUMEM
pg12b-14-2-hpc:1671499:1672012 [7] NCCL INFO Channel 19/0 : 7[7] -> 0[0] via P2P/CUMEM
pg12b-14-2-hpc:1671499:1672012 [7] NCCL INFO Channel 20/0 : 7[7] -> 0[0] via P2P/CUMEM
pg12b-14-2-hpc:1671499:1672012 [7] NCCL INFO Channel 21/0 : 7[7] -> 0[0] via P2P/CUMEM
pg12b-14-2-hpc:1671499:1672012 [7] NCCL INFO Channel 22/0 : 7[7] -> 0[0] via P2P/CUMEM
pg12b-14-2-hpc:1671499:1672012 [7] NCCL INFO Channel 23/0 : 7[7] -> 0[0] via P2P/CUMEM
pg12b-14-2-hpc:1671499:1672012 [7] NCCL INFO Connected all rings, use ring PXN 0 GDR 1
[rank7]:[W828 19:06:15.464770016 Utils.hpp:112] Warning: Environment variable NCCL_BLOCKING_WAIT is deprecated; use TORCH_NCCL_BLOCKING_WAIT instead (function operator())
[6] NCCL INFO Channel 03/0 : 6[6] -> 7[7] via P2P/CUMEM
pg12b-14-2-hpc:1671498:1672015 [6] NCCL INFO Channel 04/0 : 6[6] -> 7[7] via P2P/CUMEM
pg12b-14-2-hpc:1671498:1672015 [6] NCCL INFO Channel 05/0 : 6[6] -> 7[7] via P2P/CUMEM
pg12b-14-2-hpc:1671498:1672015 [6] NCCL INFO Channel 06/0 : 6[6] -> 7[7] via P2P/CUMEM
pg12b-14-2-hpc:1671498:1672015 [6] NCCL INFO Channel 07/0 : 6[6] -> 7[7] via P2P/CUMEM
pg12b-14-2-hpc:1671498:1672015 [6] NCCL INFO Channel 08/0 : 6[6] -> 7[7] via P2P/CUMEM
pg12b-14-2-hpc:1671498:1672015 [6] NCCL INFO Channel 09/0 : 6[6] -> 7[7] via P2P/CUMEM
pg12b-14-2-hpc:1671498:1672015 [6] NCCL INFO Channel 10/0 : 6[6] -> 7[7] via P2P/CUMEM
pg12b-14-2-hpc:1671498:1672015 [6] NCCL INFO Channel 11/0 : 6[6] -> 7[7] via P2P/CUMEM
pg12b-14-2-hpc:1671498:1672015 [6] NCCL INFO Channel 12/0 : 6[6] -> 7[7] via P2P/CUMEM
pg12b-14-2-hpc:1671498:1672015 [6] NCCL INFO Channel 13/0 : 6[6] -> 7[7] via P2P/CUMEM
pg12b-14-2-hpc:1671498:1672015 [6] NCCL INFO Channel 14/0 : 6[6] -> 7[7] via P2P/CUMEM
pg12b-14-2-hpc:1671498:1672015 [6] NCCL INFO Channel 15/0 : 6[6] -> 7[7] via P2P/CUMEM
pg12b-14-2-hpc:1671498:1672015 [6] NCCL INFO Channel 16/0 : 6[6] -> 7[7] via P2P/CUMEM
pg12b-14-2-hpc:1671498:1672015 [6] NCCL INFO Channel 17/0 : 6[6] -> 7[7] via P2P/CUMEM
pg12b-14-2-hpc:1671498:1672015 [6] NCCL INFO Channel 18/0 : 6[6] -> 7[7] via P2P/CUMEM
pg12b-14-2-hpc:1671498:1672015 [6] NCCL INFO Channel 19/0 : 6[6] -> 7[7] via P2P/CUMEM
pg12b-14-2-hpc:1671498:1672015 [6] NCCL INFO Channel 20/0 : 6[6] -> 7[7] via P2P/CUMEM
pg12b-14-2-hpc:1671498:1672015 [6] NCCL INFO Channel 21/0 : 6[6] -> 7[7] via P2P/CUMEM
pg12b-14-2-hpc:1671498:1672015 [6] NCCL INFO Channel 22/0 : 6[6] -> 7[7] via P2P/CUMEM
pg12b-14-2-hpc:1671498:1672015 [6] NCCL INFO Channel 23/0 : 6[6] -> 7[7] via P2P/CUMEM
pg12b-14-2-hpc:1671498:1672015 [6] NCCL INFO Connected all rings, use ring PXN 0 GDR 1
[rank6]:[W828 19:06:15.465388793 Utils.hpp:112] Warning: Environment variable NCCL_BLOCKING_WAIT is deprecated; use TORCH_NCCL_BLOCKING_WAIT instead (function operator())
[pg12b-14-2-hpc:0/8] 2026-08-28 19:06:16,234 (trainer:354) INFO: 1/1epoch started
The length of the text output exceeds 500, which may cause OOM on the GPU. Please ensure that the data processing is correct and verify it. Adjust the threshold with preprocessor_conf.text_length_warning_thres, or silence this message alone with logging.getLogger('espnet2.train.preprocessor').
The length of the text output exceeds 500, which may cause OOM on the GPU. Please ensure that the data processing is correct and verify it. Adjust the threshold with preprocessor_conf.text_length_warning_thres, or silence this message alone with logging.getLogger('espnet2.train.preprocessor').
The length of the text output exceeds 500, which may cause OOM on the GPU. Please ensure that the data processing is correct and verify it. Adjust the threshold with preprocessor_conf.text_length_warning_thres, or silence this message alone with logging.getLogger('espnet2.train.preprocessor').
The length of the text output exceeds 500, which may cause OOM on the GPU. Please ensure that the data processing is correct and verify it. Adjust the threshold with preprocessor_conf.text_length_warning_thres, or silence this message alone with logging.getLogger('espnet2.train.preprocessor').
The length of the text output exceeds 500, which may cause OOM on the GPU. Please ensure that the data processing is correct and verify it. Adjust the threshold with preprocessor_conf.text_length_warning_thres, or silence this message alone with logging.getLogger('espnet2.train.preprocessor').
The length of the text output exceeds 500, which may cause OOM on the GPU. Please ensure that the data processing is correct and verify it. Adjust the threshold with preprocessor_conf.text_length_warning_thres, or silence this message alone with logging.getLogger('espnet2.train.preprocessor').
The length of the text output exceeds 500, which may cause OOM on the GPU. Please ensure that the data processing is correct and verify it. Adjust the threshold with preprocessor_conf.text_length_warning_thres, or silence this message alone with logging.getLogger('espnet2.train.preprocessor').
The length of the text output exceeds 500, which may cause OOM on the GPU. Please ensure that the data processing is correct and verify it. Adjust the threshold with preprocessor_conf.text_length_warning_thres, or silence this message alone with logging.getLogger('espnet2.train.preprocessor').
The length of the text output exceeds 500, which may cause OOM on the GPU. Please ensure that the data processing is correct and verify it. Adjust the threshold with preprocessor_conf.text_length_warning_thres, or silence this message alone with logging.getLogger('espnet2.train.preprocessor').
The length of the text output exceeds 500, which may cause OOM on the GPU. Please ensure that the data processing is correct and verify it. Adjust the threshold with preprocessor_conf.text_length_warning_thres, or silence this message alone with logging.getLogger('espnet2.train.preprocessor').
The length of the text output exceeds 500, which may cause OOM on the GPU. Please ensure that the data processing is correct and verify it. Adjust the threshold with preprocessor_conf.text_length_warning_thres, or silence this message alone with logging.getLogger('espnet2.train.preprocessor').
The length of the text output exceeds 500, which may cause OOM on the GPU. Please ensure that the data processing is correct and verify it. Adjust the threshold with preprocessor_conf.text_length_warning_thres, or silence this message alone with logging.getLogger('espnet2.train.preprocessor').
The length of the text output exceeds 500, which may cause OOM on the GPU. Please ensure that the data processing is correct and verify it. Adjust the threshold with preprocessor_conf.text_length_warning_thres, or silence this message alone with logging.getLogger('espnet2.train.preprocessor').
The length of the text output exceeds 500, which may cause OOM on the GPU. Please ensure that the data processing is correct and verify it. Adjust the threshold with preprocessor_conf.text_length_warning_thres, or silence this message alone with logging.getLogger('espnet2.train.preprocessor').
The length of the text output exceeds 500, which may cause OOM on the GPU. Please ensure that the data processing is correct and verify it. Adjust the threshold with preprocessor_conf.text_length_warning_thres, or silence this message alone with logging.getLogger('espnet2.train.preprocessor').
The length of the text output exceeds 500, which may cause OOM on the GPU. Please ensure that the data processing is correct and verify it. Adjust the threshold with preprocessor_conf.text_length_warning_thres, or silence this message alone with logging.getLogger('espnet2.train.preprocessor').
The length of the text output exceeds 500, which may cause OOM on the GPU. Please ensure that the data processing is correct and verify it. Adjust the threshold with preprocessor_conf.text_length_warning_thres, or silence this message alone with logging.getLogger('espnet2.train.preprocessor').
The length of the text output exceeds 500, which may cause OOM on the GPU. Please ensure that the data processing is correct and verify it. Adjust the threshold with preprocessor_conf.text_length_warning_thres, or silence this message alone with logging.getLogger('espnet2.train.preprocessor').
The length of the text output exceeds 500, which may cause OOM on the GPU. Please ensure that the data processing is correct and verify it. Adjust the threshold with preprocessor_conf.text_length_warning_thres, or silence this message alone with logging.getLogger('espnet2.train.preprocessor').
The length of the text output exceeds 500, which may cause OOM on the GPU. Please ensure that the data processing is correct and verify it. Adjust the threshold with preprocessor_conf.text_length_warning_thres, or silence this message alone with logging.getLogger('espnet2.train.preprocessor').
The length of the text output exceeds 500, which may cause OOM on the GPU. Please ensure that the data processing is correct and verify it. Adjust the threshold with preprocessor_conf.text_length_warning_thres, or silence this message alone with logging.getLogger('espnet2.train.preprocessor').
The length of the text output exceeds 500, which may cause OOM on the GPU. Please ensure that the data processing is correct and verify it. Adjust the threshold with preprocessor_conf.text_length_warning_thres, or silence this message alone with logging.getLogger('espnet2.train.preprocessor').
The length of the text output exceeds 500, which may cause OOM on the GPU. Please ensure that the data processing is correct and verify it. Adjust the threshold with preprocessor_conf.text_length_warning_thres, or silence this message alone with logging.getLogger('espnet2.train.preprocessor').
The length of the text output exceeds 500, which may cause OOM on the GPU. Please ensure that the data processing is correct and verify it. Adjust the threshold with preprocessor_conf.text_length_warning_thres, or silence this message alone with logging.getLogger('espnet2.train.preprocessor').
The length of the text output exceeds 500, which may cause OOM on the GPU. Please ensure that the data processing is correct and verify it. Adjust the threshold with preprocessor_conf.text_length_warning_thres, or silence this message alone with logging.getLogger('espnet2.train.preprocessor').
The length of the text output exceeds 500, which may cause OOM on the GPU. Please ensure that the data processing is correct and verify it. Adjust the threshold with preprocessor_conf.text_length_warning_thres, or silence this message alone with logging.getLogger('espnet2.train.preprocessor').
The length of the text output exceeds 500, which may cause OOM on the GPU. Please ensure that the data processing is correct and verify it. Adjust the threshold with preprocessor_conf.text_length_warning_thres, or silence this message alone with logging.getLogger('espnet2.train.preprocessor').
The length of the text output exceeds 500, which may cause OOM on the GPU. Please ensure that the data processing is correct and verify it. Adjust the threshold with preprocessor_conf.text_length_warning_thres, or silence this message alone with logging.getLogger('espnet2.train.preprocessor').
The length of the text output exceeds 500, which may cause OOM on the GPU. Please ensure that the data processing is correct and verify it. Adjust the threshold with preprocessor_conf.text_length_warning_thres, or silence this message alone with logging.getLogger('espnet2.train.preprocessor').
The length of the text output exceeds 500, which may cause OOM on the GPU. Please ensure that the data processing is correct and verify it. Adjust the threshold with preprocessor_conf.text_length_warning_thres, or silence this message alone with logging.getLogger('espnet2.train.preprocessor').
The length of the text output exceeds 500, which may cause OOM on the GPU. Please ensure that the data processing is correct and verify it. Adjust the threshold with preprocessor_conf.text_length_warning_thres, or silence this message alone with logging.getLogger('espnet2.train.preprocessor').
The length of the text output exceeds 500, which may cause OOM on the GPU. Please ensure that the data processing is correct and verify it. Adjust the threshold with preprocessor_conf.text_length_warning_thres, or silence this message alone with logging.getLogger('espnet2.train.preprocessor').
The length of the text output exceeds 500, which may cause OOM on the GPU. Please ensure that the data processing is correct and verify it. Adjust the threshold with preprocessor_conf.text_length_warning_thres, or silence this message alone with logging.getLogger('espnet2.train.preprocessor').
The length of the text output exceeds 500, which may cause OOM on the GPU. Please ensure that the data processing is correct and verify it. Adjust the threshold with preprocessor_conf.text_length_warning_thres, or silence this message alone with logging.getLogger('espnet2.train.preprocessor').
The length of the text output exceeds 500, which may cause OOM on the GPU. Please ensure that the data processing is correct and verify it. Adjust the threshold with preprocessor_conf.text_length_warning_thres, or silence this message alone with logging.getLogger('espnet2.train.preprocessor').
The length of the text output exceeds 500, which may cause OOM on the GPU. Please ensure that the data processing is correct and verify it. Adjust the threshold with preprocessor_conf.text_length_warning_thres, or silence this message alone with logging.getLogger('espnet2.train.preprocessor').
The length of the text output exceeds 500, which may cause OOM on the GPU. Please ensure that the data processing is correct and verify it. Adjust the threshold with preprocessor_conf.text_length_warning_thres, or silence this message alone with logging.getLogger('espnet2.train.preprocessor').
The length of the text output exceeds 500, which may cause OOM on the GPU. Please ensure that the data processing is correct and verify it. Adjust the threshold with preprocessor_conf.text_length_warning_thres, or silence this message alone with logging.getLogger('espnet2.train.preprocessor').
The length of the text output exceeds 500, which may cause OOM on the GPU. Please ensure that the data processing is correct and verify it. Adjust the threshold with preprocessor_conf.text_length_warning_thres, or silence this message alone with logging.getLogger('espnet2.train.preprocessor').
The length of the text output exceeds 500, which may cause OOM on the GPU. Please ensure that the data processing is correct and verify it. Adjust the threshold with preprocessor_conf.text_length_warning_thres, or silence this message alone with logging.getLogger('espnet2.train.preprocessor').
The length of the text output exceeds 500, which may cause OOM on the GPU. Please ensure that the data processing is correct and verify it. Adjust the threshold with preprocessor_conf.text_length_warning_thres, or silence this message alone with logging.getLogger('espnet2.train.preprocessor').
The length of the text output exceeds 500, which may cause OOM on the GPU. Please ensure that the data processing is correct and verify it. Adjust the threshold with preprocessor_conf.text_length_warning_thres, or silence this message alone with logging.getLogger('espnet2.train.preprocessor').
The length of the text output exceeds 500, which may cause OOM on the GPU. Please ensure that the data processing is correct and verify it. Adjust the threshold with preprocessor_conf.text_length_warning_thres, or silence this message alone with logging.getLogger('espnet2.train.preprocessor').
The length of the text output exceeds 500, which may cause OOM on the GPU. Please ensure that the data processing is correct and verify it. Adjust the threshold with preprocessor_conf.text_length_warning_thres, or silence this message alone with logging.getLogger('espnet2.train.preprocessor').
The length of the text output exceeds 500, which may cause OOM on the GPU. Please ensure that the data processing is correct and verify it. Adjust the threshold with preprocessor_conf.text_length_warning_thres, or silence this message alone with logging.getLogger('espnet2.train.preprocessor').
The length of the text output exceeds 500, which may cause OOM on the GPU. Please ensure that the data processing is correct and verify it. Adjust the threshold with preprocessor_conf.text_length_warning_thres, or silence this message alone with logging.getLogger('espnet2.train.preprocessor').
The length of the text output exceeds 500, which may cause OOM on the GPU. Please ensure that the data processing is correct and verify it. Adjust the threshold with preprocessor_conf.text_length_warning_thres, or silence this message alone with logging.getLogger('espnet2.train.preprocessor').
The length of the text output exceeds 500, which may cause OOM on the GPU. Please ensure that the data processing is correct and verify it. Adjust the threshold with preprocessor_conf.text_length_warning_thres, or silence this message alone with logging.getLogger('espnet2.train.preprocessor').
The length of the text output exceeds 500, which may cause OOM on the GPU. Please ensure that the data processing is correct and verify it. Adjust the threshold with preprocessor_conf.text_length_warning_thres, or silence this message alone with logging.getLogger('espnet2.train.preprocessor').
The length of the text output exceeds 500, which may cause OOM on the GPU. Please ensure that the data processing is correct and verify it. Adjust the threshold with preprocessor_conf.text_length_warning_thres, or silence this message alone with logging.getLogger('espnet2.train.preprocessor').
The length of the text output exceeds 500, which may cause OOM on the GPU. Please ensure that the data processing is correct and verify it. Adjust the threshold with preprocessor_conf.text_length_warning_thres, or silence this message alone with logging.getLogger('espnet2.train.preprocessor').
The length of the text output exceeds 500, which may cause OOM on the GPU. Please ensure that the data processing is correct and verify it. Adjust the threshold with preprocessor_conf.text_length_warning_thres, or silence this message alone with logging.getLogger('espnet2.train.preprocessor').
The length of the text output exceeds 500, which may cause OOM on the GPU. Please ensure that the data processing is correct and verify it. Adjust the threshold with preprocessor_conf.text_length_warning_thres, or silence this message alone with logging.getLogger('espnet2.train.preprocessor').
The length of the text output exceeds 500, which may cause OOM on the GPU. Please ensure that the data processing is correct and verify it. Adjust the threshold with preprocessor_conf.text_length_warning_thres, or silence this message alone with logging.getLogger('espnet2.train.preprocessor').
The length of the text output exceeds 500, which may cause OOM on the GPU. Please ensure that the data processing is correct and verify it. Adjust the threshold with preprocessor_conf.text_length_warning_thres, or silence this message alone with logging.getLogger('espnet2.train.preprocessor').
The length of the text output exceeds 500, which may cause OOM on the GPU. Please ensure that the data processing is correct and verify it. Adjust the threshold with preprocessor_conf.text_length_warning_thres, or silence this message alone with logging.getLogger('espnet2.train.preprocessor').
The length of the text output exceeds 500, which may cause OOM on the GPU. Please ensure that the data processing is correct and verify it. Adjust the threshold with preprocessor_conf.text_length_warning_thres, or silence this message alone with logging.getLogger('espnet2.train.preprocessor').
The length of the text output exceeds 500, which may cause OOM on the GPU. Please ensure that the data processing is correct and verify it. Adjust the threshold with preprocessor_conf.text_length_warning_thres, or silence this message alone with logging.getLogger('espnet2.train.preprocessor').
The length of the text output exceeds 500, which may cause OOM on the GPU. Please ensure that the data processing is correct and verify it. Adjust the threshold with preprocessor_conf.text_length_warning_thres, or silence this message alone with logging.getLogger('espnet2.train.preprocessor').
The length of the text output exceeds 500, which may cause OOM on the GPU. Please ensure that the data processing is correct and verify it. Adjust the threshold with preprocessor_conf.text_length_warning_thres, or silence this message alone with logging.getLogger('espnet2.train.preprocessor').
The length of the text output exceeds 500, which may cause OOM on the GPU. Please ensure that the data processing is correct and verify it. Adjust the threshold with preprocessor_conf.text_length_warning_thres, or silence this message alone with logging.getLogger('espnet2.train.preprocessor').
The length of the text output exceeds 500, which may cause OOM on the GPU. Please ensure that the data processing is correct and verify it. Adjust the threshold with preprocessor_conf.text_length_warning_thres, or silence this message alone with logging.getLogger('espnet2.train.preprocessor').
The length of the text output exceeds 500, which may cause OOM on the GPU. Please ensure that the data processing is correct and verify it. Adjust the threshold with preprocessor_conf.text_length_warning_thres, or silence this message alone with logging.getLogger('espnet2.train.preprocessor').
The length of the text output exceeds 500, which may cause OOM on the GPU. Please ensure that the data processing is correct and verify it. Adjust the threshold with preprocessor_conf.text_length_warning_thres, or silence this message alone with logging.getLogger('espnet2.train.preprocessor').
/mnt/weka/mark/espnet/tools/anaconda/envs/espnet/lib/python3.12/site-packages/torch/nn/functional.py:6044: UserWarning: Support for mismatched key_padding_mask and  is deprecated. Use same type for both instead.
  warnings.warn(
/mnt/weka/mark/espnet/tools/anaconda/envs/espnet/lib/python3.12/site-packages/torch/nn/functional.py:6044: UserWarning: Support for mismatched key_padding_mask and  is deprecated. Use same type for both instead.
  warnings.warn(
/mnt/weka/mark/espnet/tools/anaconda/envs/espnet/lib/python3.12/site-packages/torch/nn/functional.py:6044: UserWarning: Support for mismatched key_padding_mask and  is deprecated. Use same type for both instead.
  warnings.warn(
/mnt/weka/mark/espnet/tools/anaconda/envs/espnet/lib/python3.12/site-packages/torch/nn/functional.py:6044: UserWarning: Support for mismatched key_padding_mask and  is deprecated. Use same type for both instead.
  warnings.warn(
/mnt/weka/mark/espnet/tools/anaconda/envs/espnet/lib/python3.12/site-packages/torch/nn/functional.py:6044: UserWarning: Support for mismatched key_padding_mask and  is deprecated. Use same type for both instead.
  warnings.warn(
/mnt/weka/mark/espnet/tools/anaconda/envs/espnet/lib/python3.12/site-packages/torch/nn/functional.py:6044: UserWarning: Support for mismatched key_padding_mask and  is deprecated. Use same type for both instead.
  warnings.warn(
/mnt/weka/mark/espnet/tools/anaconda/envs/espnet/lib/python3.12/site-packages/torch/nn/functional.py:6044: UserWarning: Support for mismatched key_padding_mask and  is deprecated. Use same type for both instead.
  warnings.warn(
/mnt/weka/mark/espnet/tools/anaconda/envs/espnet/lib/python3.12/site-packages/torch/nn/functional.py:6044: UserWarning: Support for mismatched key_padding_mask and  is deprecated. Use same type for both instead.
  warnings.warn(
[pg12b-14-2-hpc:0/8] 2026-08-28 19:08:36,251 (trainer:830) INFO: 1epoch:train:1-60batch: iter_time=0.001, forward_time=0.222, loss=3.265e+04, correct_m=6.925, count_m=3.134e+03, acc_m=0.002, correct_u=6.689, count_u=2.978e+03, acc_u=0.002, backward_time=0.313, grad_norm=7.016e+12, clip=100.000, loss_scale=1.000, optim_step_time=0.005, optim0_lr0=4.922e-07, train_time=2.333
[pg12b-14-2-hpc:0/8] 2026-08-28 19:09:05,580 (trainer:830) INFO: 1epoch:train:61-120batch: iter_time=8.498e-05, forward_time=0.147, loss=3.107e+04, correct_m=8.616, count_m=3.033e+03, acc_m=0.003, correct_u=7.936, count_u=3.055e+03, acc_u=0.003, backward_time=0.302, grad_norm=2.499e+04, clip=100.000, loss_scale=1.000, optim_step_time=0.004, optim0_lr0=1.430e-06, train_time=0.489
[pg12b-14-2-hpc:0/8] 2026-08-28 19:09:34,550 (trainer:830) INFO: 1epoch:train:121-180batch: iter_time=9.640e-05, forward_time=0.147, loss=3.107e+04, correct_m=9.761, count_m=3.161e+03, acc_m=0.003, correct_u=7.922, count_u=2.962e+03, acc_u=0.003, backward_time=0.294, grad_norm=2.344e+04, clip=100.000, loss_scale=1.000, optim_step_time=0.004, optim0_lr0=2.367e-06, train_time=0.483
[pg12b-14-2-hpc:0/8] 2026-08-28 19:10:03,753 (trainer:830) INFO: 1epoch:train:181-240batch: iter_time=9.784e-05, forward_time=0.150, loss=2.906e+04, correct_m=12.039, count_m=3.205e+03, acc_m=0.004, correct_u=8.625, count_u=2.922e+03, acc_u=0.003, backward_time=0.297, grad_norm=1.450e+04, clip=100.000, loss_scale=1.000, optim_step_time=0.004, optim0_lr0=3.305e-06, train_time=0.487
[pg12b-14-2-hpc:0/8] 2026-08-28 19:10:32,385 (trainer:830) INFO: 1epoch:train:241-300batch: iter_time=8.991e-05, forward_time=0.147, loss=2.550e+04, correct_m=16.758, count_m=3.125e+03, acc_m=0.005, correct_u=13.713, count_u=2.990e+03, acc_u=0.005, backward_time=0.292, grad_norm=7.414e+03, clip=100.000, loss_scale=1.000, optim_step_time=0.004, optim0_lr0=4.242e-06, train_time=0.477
[pg12b-14-2-hpc:0/8] 2026-08-28 19:11:00,848 (trainer:830) INFO: 1epoch:train:301-360batch: iter_time=9.030e-05, forward_time=0.147, loss=2.340e+04, correct_m=27.109, count_m=3.209e+03, acc_m=0.008, correct_u=18.004, count_u=2.917e+03, acc_u=0.006, backward_time=0.289, grad_norm=1.377e+03, clip=100.000, loss_scale=1.000, optim_step_time=0.004, optim0_lr0=5.180e-06, train_time=0.474
[pg12b-14-2-hpc:0/8] 2026-08-28 19:11:29,119 (trainer:830) INFO: 1epoch:train:361-420batch: iter_time=8.922e-05, forward_time=0.145, loss=2.140e+04, correct_m=33.565, count_m=3.192e+03, acc_m=0.010, correct_u=23.122, count_u=2.931e+03, acc_u=0.008, backward_time=0.287, grad_norm=404.898, clip=100.000, loss_scale=1.000, optim_step_time=0.004, optim0_lr0=6.117e-06, train_time=0.471
[pg12b-14-2-hpc:0/8] 2026-08-28 19:11:57,296 (trainer:830) INFO: 1epoch:train:421-480batch: iter_time=8.959e-05, forward_time=0.146, loss=2.035e+04, correct_m=41.468, count_m=3.132e+03, acc_m=0.013, correct_u=29.601, count_u=2.975e+03, acc_u=0.010, backward_time=0.282, grad_norm=294.800, clip=100.000, loss_scale=1.000, optim_step_time=0.004, optim0_lr0=7.055e-06, train_time=0.470

